Component: ARM Compiler 5.05 update 1 (build 106) Tool: armlink [4d0efa]

==============================================================================

Section Cross References

    main.o(i.DMA1_Channel4_IRQHandler) refers to uart.o(i._ZN3src6CUART15TxISREv) for src::CUART1::TxISR()
    main.o(i.DMA1_Channel4_IRQHandler) refers to stm32f10x_dma.o(i.DMA_ClearFlag) for DMA_ClearFlag
    main.o(i.DMA1_Channel4_IRQHandler) refers to stm32f10x_dma.o(i.DMA_ClearITPendingBit) for DMA_ClearITPendingBit
    main.o(i.DMA1_Channel4_IRQHandler) refers to main.o(.bss) for UART_1
    main.o(i.USART1_IRQHandler) refers to stm32f10x_usart.o(i.USART_GetITStatus) for USART_GetITStatus
    main.o(i.USART1_IRQHandler) refers to uart.o(i._ZN3src6CUART15RxISREv) for src::CUART1::RxISR()
    main.o(i.USART1_IRQHandler) refers to main.o(.bss) for UART_1
    main.o(i._Z17RCC_Configurationv) refers to stm32f10x_rcc.o(i.RCC_APB2PeriphClockCmd) for RCC_APB2PeriphClockCmd
    main.o(i._Z18GPIO_Configurationv) refers to stm32f10x_gpio.o(i.GPIO_Init) for GPIO_Init
    main.o(i.__sti___8_Main_cpp_ADC_1) refers to adc.o(i._ZN3src10CADC_type1C1Ev) for src::CADC_type1::CADC_type1()
    main.o(i.__sti___8_Main_cpp_ADC_1) refers to adc.o(i._ZN3src10CADC_type2C1Ev) for src::CADC_type2::CADC_type2()
    main.o(i.__sti___8_Main_cpp_ADC_1) refers to av_sensors.o(i._ZN3src14Av_Rms_SensorsC1Eff) for src::Av_Rms_Sensors::Av_Rms_Sensors(float, float)
    main.o(i.__sti___8_Main_cpp_ADC_1) refers to fxp_math.o(i._ZN3src2IqC1Efh) for src::Iq::Iq(float, unsigned char)
    main.o(i.__sti___8_Main_cpp_ADC_1) refers to main.o(.bss) for ADC_1
    main.o(i.__sti___8_Main_cpp_ADC_1) refers to main.o(.constdata__ZTVN3src10CUART_BaseE) for vtable for src::CUART_Base
    main.o(i.__sti___8_Main_cpp_ADC_1) refers to uart.o(.constdata__ZTVN3src6CUART1E) for vtable for src::CUART1
    main.o(i.__sti___8_Main_cpp_ADC_1) refers to main.o(.data) for a
    main.o(i.main) refers to main.o(i._Z18GPIO_Configurationv) for GPIO_Configuration()
    main.o(i.main) refers to adc.o(i._ZN3src10CADC_type14InitEv) for src::CADC_type1::Init()
    main.o(i.main) refers to adc.o(i._ZN3src10CADC_type24InitEv) for src::CADC_type2::Init()
    main.o(i.main) refers to uart.o(i._ZN3src6CUART14InitEv) for src::CUART1::Init()
    main.o(i.main) refers to fxp_math.o(i._ZN3src2IqC1El) for src::Iq::Iq(long)
    main.o(i.main) refers to main.o(.bss) for ADC_1
    main.o(i.main) refers to main.o(.data) for a
    main.o(.ARM.exidx) refers to main.o(i.DMA1_Channel4_IRQHandler) for i.DMA1_Channel4_IRQHandler
    main.o(.ARM.exidx) refers to main.o(i.USART1_IRQHandler) for i.USART1_IRQHandler
    main.o(.ARM.exidx) refers to main.o(i._Z17RCC_Configurationv) for i._Z17RCC_Configurationv
    main.o(.ARM.exidx) refers to main.o(i._Z18GPIO_Configurationv) for i._Z18GPIO_Configurationv
    main.o(.ARM.exidx) refers to main.o(i.main) for i.main
    main.o(.ARM.exidx) refers to main.o(i.__sti___8_Main_cpp_ADC_1) for i.__sti___8_Main_cpp_ADC_1
    main.o(.init_array) refers to main.o(i.__sti___8_Main_cpp_ADC_1) for __sti___8_Main_cpp_ADC_1
    main.o(.init_array) refers to init_aeabi.o(.text) for __cpp_initialize__aeabi_
    adc.o(i._ZN3src10CADC_type14InitEv) refers to stm32f10x_rcc.o(i.RCC_ADCCLKConfig) for RCC_ADCCLKConfig
    adc.o(i._ZN3src10CADC_type14InitEv) refers to stm32f10x_rcc.o(i.RCC_AHBPeriphClockCmd) for RCC_AHBPeriphClockCmd
    adc.o(i._ZN3src10CADC_type14InitEv) refers to stm32f10x_rcc.o(i.RCC_APB2PeriphClockCmd) for RCC_APB2PeriphClockCmd
    adc.o(i._ZN3src10CADC_type14InitEv) refers to stm32f10x_gpio.o(i.GPIO_Init) for GPIO_Init
    adc.o(i._ZN3src10CADC_type14InitEv) refers to stm32f10x_dma.o(i.DMA_Cmd) for DMA_Cmd
    adc.o(i._ZN3src10CADC_type14InitEv) refers to stm32f10x_dma.o(i.DMA_DeInit) for DMA_DeInit
    adc.o(i._ZN3src10CADC_type14InitEv) refers to stm32f10x_dma.o(i.DMA_Init) for DMA_Init
    adc.o(i._ZN3src10CADC_type14InitEv) refers to stm32f10x_adc.o(i.ADC_Init) for ADC_Init
    adc.o(i._ZN3src10CADC_type14InitEv) refers to stm32f10x_adc.o(i.ADC_RegularChannelConfig) for ADC_RegularChannelConfig
    adc.o(i._ZN3src10CADC_type14InitEv) refers to stm32f10x_adc.o(i.ADC_DMACmd) for ADC_DMACmd
    adc.o(i._ZN3src10CADC_type14InitEv) refers to stm32f10x_adc.o(i.ADC_Cmd) for ADC_Cmd
    adc.o(i._ZN3src10CADC_type14InitEv) refers to stm32f10x_adc.o(i.ADC_ExternalTrigConvCmd) for ADC_ExternalTrigConvCmd
    adc.o(i._ZN3src10CADC_type14InitEv) refers to stm32f10x_adc.o(i.ADC_ResetCalibration) for ADC_ResetCalibration
    adc.o(i._ZN3src10CADC_type14InitEv) refers to stm32f10x_adc.o(i.ADC_GetResetCalibrationStatus) for ADC_GetResetCalibrationStatus
    adc.o(i._ZN3src10CADC_type14InitEv) refers to stm32f10x_adc.o(i.ADC_StartCalibration) for ADC_StartCalibration
    adc.o(i._ZN3src10CADC_type14InitEv) refers to stm32f10x_adc.o(i.ADC_GetCalibrationStatus) for ADC_GetCalibrationStatus
[...]
    type_info_dtor.o(.constdata__ZTISt9type_info) refers to type_info_dtor.o(.constdata__ZTSSt9type_info) for typeinfo name for std::type_info


==============================================================================

Removing Unused input sections from the image.

    Removing main.o(.rev16_text), (4 bytes).
    Removing main.o(.revsh_text), (4 bytes).
    Removing main.o(.rrx_text), (6 bytes).
    Removing main.o(i._Z17RCC_Configurationv), (12 bytes).
    Removing main.o(.ARM.exidx), (8 bytes).
    Removing main.o(.ARM.exidx), (8 bytes).
    Removing main.o(.ARM.exidx), (8 bytes).
    Removing main.o(.ARM.exidx), (8 bytes).
    Removing main.o(.ARM.exidx), (8 bytes).
    Removing main.o(.ARM.exidx), (8 bytes).
    Removing adc.o(.rev16_text), (4 bytes).
    Removing adc.o(.revsh_text), (4 bytes).
    Removing adc.o(.rrx_text), (6 bytes).
    Removing adc.o(i._ZN3src10CADC_type113GetMeanSampleERt), (38 bytes).
    Removing adc.o(i._ZN3src10CADC_type213GetMeanSampleERt), (38 bytes).
    Removing adc.o(.ARM.exidx), (8 bytes).
    Removing adc.o(.ARM.exidx), (8 bytes).
    Removing adc.o(.ARM.exidx), (8 bytes).
    Removing adc.o(.ARM.exidx), (8 bytes).
    Removing adc.o(.ARM.exidx), (8 bytes).
    Removing adc.o(.ARM.exidx), (8 bytes).
    Removing uart.o(.rev16_text), (4 bytes).
    Removing uart.o(.revsh_text), (4 bytes).
    Removing uart.o(.rrx_text), (6 bytes).
    Removing uart.o(i._ZN3src6CUART12RxEv), (2 bytes).
    Removing uart.o(i._ZN3src6CUART12TxEv), (2 bytes).
    Removing uart.o(.ARM.exidx), (8 bytes).
    Removing uart.o(.ARM.exidx), (8 bytes).
    Removing uart.o(.ARM.exidx), (8 bytes).
    Removing uart.o(.ARM.exidx), (8 bytes).
    Removing uart.o(.ARM.exidx), (8 bytes).
    Removing fxp_math.o(i._ZN3src2IqC1ERKS0_), (6 bytes).
    Removing fxp_math.o(i._ZN3src2IqC1Elh), (12 bytes).
    Removing fxp_math.o(i.sqrt_newton), (116 bytes).
    Removing fxp_math.o(.ARM.exidx), (8 bytes).
    Removing fxp_math.o(.ARM.exidx), (8 bytes).
    Removing fxp_math.o(.ARM.exidx), (8 bytes).
    Removing fxp_math.o(.ARM.exidx), (8 bytes).
    Removing fxp_math.o(.ARM.exidx), (8 bytes).
    Removing fxp_math.o(.ARM.exidx), (8 bytes).
    Removing fxp_math.o(.data), (1 bytes).
    Removing av_sensors.o(.rev16_text), (4 bytes).
    Removing av_sensors.o(.revsh_text), (4 bytes).
    Removing av_sensors.o(.rrx_text), (6 bytes).
    Removing av_sensors.o(i._ZN3src14Av_Rms_SensorsC1Ev), (52 bytes).
    Removing av_sensors.o(i._ZN3src9AvSensorsC1Ev), (28 bytes).
    Removing av_sensors.o(.ARM.exidx), (8 bytes).
    Removing av_sensors.o(.ARM.exidx), (8 bytes).
    Removing av_sensors.o(.ARM.exidx), (8 bytes).
    Removing av_sensors.o(.ARM.exidx), (8 bytes).
    Removing mean_filter.o(.ARM.exidx), (8 bytes).
    Removing misc.o(.rev16_text), (4 bytes).
    Removing misc.o(.revsh_text), (4 bytes).
    Removing misc.o(.rrx_text), (6 bytes).
    Removing misc.o(i.NVIC_PriorityGroupConfig), (20 bytes).
    Removing misc.o(i.NVIC_SetVectorTable), (20 bytes).
    Removing misc.o(i.NVIC_SystemLPConfig), (32 bytes).
    Removing misc.o(i.SysTick_CLKSourceConfig), (40 bytes).
    Removing stm32f10x_adc.o(.rev16_text), (4 bytes).
    Removing stm32f10x_adc.o(.revsh_text), (4 bytes).
    Removing stm32f10x_adc.o(.rrx_text), (6 bytes).
    Removing stm32f10x_adc.o(i.ADC_AnalogWatchdogCmd), (20 bytes).
    Removing stm32f10x_adc.o(i.ADC_AnalogWatchdogSingleChannelConfig), (16 bytes).
    Removing stm32f10x_adc.o(i.ADC_AnalogWatchdogThresholdsConfig), (6 bytes).
    Removing stm32f10x_adc.o(i.ADC_AutoInjectedConvCmd), (22 bytes).
    Removing stm32f10x_adc.o(i.ADC_ClearFlag), (6 bytes).
    Removing stm32f10x_adc.o(i.ADC_ClearITPendingBit), (10 bytes).
    Removing stm32f10x_adc.o(i.ADC_DeInit), (92 bytes).
    Removing stm32f10x_adc.o(i.ADC_DiscModeChannelCountConfig), (24 bytes).
    Removing stm32f10x_adc.o(i.ADC_DiscModeCmd), (22 bytes).
    Removing stm32f10x_adc.o(i.ADC_ExternalTrigInjectedConvCmd), (22 bytes).
    Removing stm32f10x_adc.o(i.ADC_ExternalTrigInjectedConvConfig), (16 bytes).
    Removing stm32f10x_adc.o(i.ADC_GetConversionValue), (8 bytes).
    Removing stm32f10x_adc.o(i.ADC_GetDualModeConversionValue), (12 bytes).
    Removing stm32f10x_adc.o(i.ADC_GetFlagStatus), (18 bytes).
    Removing stm32f10x_adc.o(i.ADC_GetITStatus), (36 bytes).
    Removing stm32f10x_adc.o(i.ADC_GetInjectedConversionValue), (28 bytes).
    Removing stm32f10x_adc.o(i.ADC_GetSoftwareStartConvStatus), (20 bytes).
    Removing stm32f10x_adc.o(i.ADC_GetSoftwareStartInjectedConvCmdStatus), (20 bytes).
    Removing stm32f10x_adc.o(i.ADC_ITConfig), (24 bytes).
    Removing stm32f10x_adc.o(i.ADC_InjectedChannelConfig), (130 bytes).
    Removing stm32f10x_adc.o(i.ADC_InjectedDiscModeCmd), (22 bytes).
    Removing stm32f10x_adc.o(i.ADC_InjectedSequencerLengthConfig), (24 bytes).
    Removing stm32f10x_adc.o(i.ADC_SetInjectedOffset), (20 bytes).
    Removing stm32f10x_adc.o(i.ADC_SoftwareStartInjectedConvCmd), (22 bytes).
    Removing stm32f10x_adc.o(i.ADC_StructInit), (18 bytes).
    Removing stm32f10x_adc.o(i.ADC_TempSensorVrefintCmd), (36 bytes).
    Removing stm32f10x_dma.o(.rev16_text), (4 bytes).
    Removing stm32f10x_dma.o(.revsh_text), (4 bytes).
    Removing stm32f10x_dma.o(.rrx_text), (6 bytes).
    Removing stm32f10x_dma.o(i.DMA_GetCurrDataCounter), (8 bytes).
    Removing stm32f10x_dma.o(i.DMA_GetFlagStatus), (44 bytes).
    Removing stm32f10x_dma.o(i.DMA_GetITStatus), (44 bytes).
    Removing stm32f10x_dma.o(i.DMA_SetCurrDataCounter), (4 bytes).
    Removing stm32f10x_dma.o(i.DMA_StructInit), (26 bytes).
    Removing stm32f10x_flash.o(.rev16_text), (4 bytes).
    Removing stm32f10x_flash.o(.revsh_text), (4 bytes).
    Removing stm32f10x_flash.o(.rrx_text), (6 bytes).
    Removing stm32f10x_flash.o(i.FLASH_ClearFlag), (12 bytes).
    Removing stm32f10x_flash.o(i.FLASH_EnableWriteProtection), (196 bytes).
    Removing stm32f10x_flash.o(i.FLASH_EraseAllBank1Pages), (72 bytes).
    Removing stm32f10x_flash.o(i.FLASH_EraseAllPages), (72 bytes).
    Removing stm32f10x_flash.o(i.FLASH_EraseOptionBytes), (168 bytes).
    Removing stm32f10x_flash.o(i.FLASH_ErasePage), (76 bytes).
    Removing stm32f10x_flash.o(i.FLASH_GetBank1Status), (52 bytes).
    Removing stm32f10x_flash.o(i.FLASH_GetFlagStatus), (48 bytes).
    Removing stm32f10x_flash.o(i.FLASH_GetPrefetchBufferStatus), (24 bytes).
    Removing stm32f10x_flash.o(i.FLASH_GetReadOutProtectionStatus), (24 bytes).
    Removing stm32f10x_flash.o(i.FLASH_GetStatus), (52 bytes).
    Removing stm32f10x_flash.o(i.FLASH_GetUserOptionByte), (12 bytes).
    Removing stm32f10x_flash.o(i.FLASH_GetWriteProtectionOptionByte), (12 bytes).
    Removing stm32f10x_flash.o(i.FLASH_HalfCycleAccessCmd), (28 bytes).
    Removing stm32f10x_flash.o(i.FLASH_ITConfig), (32 bytes).
    Removing stm32f10x_flash.o(i.FLASH_Lock), (20 bytes).
    Removing stm32f10x_flash.o(i.FLASH_LockBank1), (20 bytes).
    Removing stm32f10x_flash.o(i.FLASH_PrefetchBufferCmd), (28 bytes).
    Removing stm32f10x_flash.o(i.FLASH_ProgramHalfWord), (64 bytes).
    Removing stm32f10x_flash.o(i.FLASH_ProgramOptionByteData), (84 bytes).
    Removing stm32f10x_flash.o(i.FLASH_ProgramWord), (108 bytes).
    Removing stm32f10x_flash.o(i.FLASH_ReadOutProtection), (172 bytes).
    Removing stm32f10x_flash.o(i.FLASH_SetLatency), (24 bytes).
    Removing stm32f10x_flash.o(i.FLASH_Unlock), (24 bytes).
    Removing stm32f10x_flash.o(i.FLASH_UnlockBank1), (24 bytes).
    Removing stm32f10x_flash.o(i.FLASH_UserOptionByteConfig), (104 bytes).
    Removing stm32f10x_flash.o(i.FLASH_WaitForLastBank1Operation), (38 bytes).
    Removing stm32f10x_flash.o(i.FLASH_WaitForLastOperation), (38 bytes).
    Removing stm32f10x_gpio.o(.rev16_text), (4 bytes).
    Removing stm32f10x_gpio.o(.revsh_text), (4 bytes).
    Removing stm32f10x_gpio.o(.rrx_text), (6 bytes).
    Removing stm32f10x_gpio.o(i.GPIO_AFIODeInit), (20 bytes).
    Removing stm32f10x_gpio.o(i.GPIO_DeInit), (200 bytes).
    Removing stm32f10x_gpio.o(i.GPIO_ETH_MediaInterfaceConfig), (12 bytes).
    Removing stm32f10x_gpio.o(i.GPIO_EXTILineConfig), (64 bytes).
    Removing stm32f10x_gpio.o(i.GPIO_EventOutputCmd), (12 bytes).
    Removing stm32f10x_gpio.o(i.GPIO_EventOutputConfig), (32 bytes).
    Removing stm32f10x_gpio.o(i.GPIO_PinLockConfig), (18 bytes).
    Removing stm32f10x_gpio.o(i.GPIO_PinRemapConfig), (144 bytes).
    Removing stm32f10x_gpio.o(i.GPIO_ReadInputData), (8 bytes).
    Removing stm32f10x_gpio.o(i.GPIO_ReadInputDataBit), (18 bytes).
    Removing stm32f10x_gpio.o(i.GPIO_ReadOutputData), (8 bytes).
    Removing stm32f10x_gpio.o(i.GPIO_ReadOutputDataBit), (18 bytes).
    Removing stm32f10x_gpio.o(i.GPIO_ResetBits), (4 bytes).
    Removing stm32f10x_gpio.o(i.GPIO_SetBits), (4 bytes).
    Removing stm32f10x_gpio.o(i.GPIO_StructInit), (16 bytes).
    Removing stm32f10x_gpio.o(i.GPIO_Write), (4 bytes).
    Removing stm32f10x_gpio.o(i.GPIO_WriteBit), (10 bytes).
    Removing stm32f10x_rcc.o(.rev16_text), (4 bytes).
    Removing stm32f10x_rcc.o(.revsh_text), (4 bytes).
    Removing stm32f10x_rcc.o(.rrx_text), (6 bytes).
    Removing stm32f10x_rcc.o(i.RCC_APB1PeriphResetCmd), (32 bytes).
    Removing stm32f10x_rcc.o(i.RCC_APB2PeriphResetCmd), (32 bytes).
    Removing stm32f10x_rcc.o(i.RCC_AdjustHSICalibrationValue), (24 bytes).
    Removing stm32f10x_rcc.o(i.RCC_BackupResetCmd), (12 bytes).
    Removing stm32f10x_rcc.o(i.RCC_ClearFlag), (20 bytes).
    Removing stm32f10x_rcc.o(i.RCC_ClearITPendingBit), (12 bytes).
    Removing stm32f10x_rcc.o(i.RCC_ClockSecuritySystemCmd), (12 bytes).
    Removing stm32f10x_rcc.o(i.RCC_DeInit), (76 bytes).
    Removing stm32f10x_rcc.o(i.RCC_GetFlagStatus), (60 bytes).
    Removing stm32f10x_rcc.o(i.RCC_GetITStatus), (24 bytes).
    Removing stm32f10x_rcc.o(i.RCC_GetSYSCLKSource), (16 bytes).
    Removing stm32f10x_rcc.o(i.RCC_HCLKConfig), (24 bytes).
    Removing stm32f10x_rcc.o(i.RCC_HSEConfig), (76 bytes).
    Removing stm32f10x_rcc.o(i.RCC_HSICmd), (12 bytes).
    Removing stm32f10x_rcc.o(i.RCC_ITConfig), (32 bytes).
    Removing stm32f10x_rcc.o(i.RCC_LSEConfig), (52 bytes).
    Removing stm32f10x_rcc.o(i.RCC_LSICmd), (12 bytes).
    Removing stm32f10x_rcc.o(i.RCC_MCOConfig), (12 bytes).
    Removing stm32f10x_rcc.o(i.RCC_PCLK1Config), (24 bytes).
    Removing stm32f10x_rcc.o(i.RCC_PCLK2Config), (24 bytes).
    Removing stm32f10x_rcc.o(i.RCC_PLLCmd), (12 bytes).
    Removing stm32f10x_rcc.o(i.RCC_PLLConfig), (28 bytes).
    Removing stm32f10x_rcc.o(i.RCC_RTCCLKCmd), (12 bytes).
    Removing stm32f10x_rcc.o(i.RCC_RTCCLKConfig), (16 bytes).
    Removing stm32f10x_rcc.o(i.RCC_SYSCLKConfig), (24 bytes).
    Removing stm32f10x_rcc.o(i.RCC_USBCLKConfig), (12 bytes).
    Removing stm32f10x_rcc.o(i.RCC_WaitForHSEStartUp), (56 bytes).
    Removing stm32f10x_tim.o(.rev16_text), (4 bytes).
    Removing stm32f10x_tim.o(.revsh_text), (4 bytes).
    Removing stm32f10x_tim.o(.rrx_text), (6 bytes).
    Removing stm32f10x_tim.o(i.TI1_Config), (128 bytes).
    Removing stm32f10x_tim.o(i.TI2_Config), (152 bytes).
    Removing stm32f10x_tim.o(i.TI3_Config), (144 bytes).
    Removing stm32f10x_tim.o(i.TI4_Config), (152 bytes).
    Removing stm32f10x_tim.o(i.TIM_ARRPreloadConfig), (24 bytes).
    Removing stm32f10x_tim.o(i.TIM_BDTRConfig), (32 bytes).
    Removing stm32f10x_tim.o(i.TIM_BDTRStructInit), (18 bytes).
    Removing stm32f10x_tim.o(i.TIM_CCPreloadControl), (24 bytes).
    Removing stm32f10x_tim.o(i.TIM_CCxCmd), (30 bytes).
    Removing stm32f10x_tim.o(i.TIM_CCxNCmd), (30 bytes).
    Removing stm32f10x_tim.o(i.TIM_ClearFlag), (6 bytes).
    Removing stm32f10x_tim.o(i.TIM_ClearITPendingBit), (6 bytes).
    Removing stm32f10x_tim.o(i.TIM_ClearOC1Ref), (18 bytes).
    Removing stm32f10x_tim.o(i.TIM_ClearOC2Ref), (24 bytes).
    Removing stm32f10x_tim.o(i.TIM_ClearOC3Ref), (18 bytes).
    Removing stm32f10x_tim.o(i.TIM_ClearOC4Ref), (24 bytes).
    Removing stm32f10x_tim.o(i.TIM_CounterModeConfig), (18 bytes).
    Removing stm32f10x_tim.o(i.TIM_CtrlPWMOutputs), (30 bytes).
    Removing stm32f10x_tim.o(i.TIM_DMACmd), (18 bytes).
    Removing stm32f10x_tim.o(i.TIM_DMAConfig), (10 bytes).
    Removing stm32f10x_tim.o(i.TIM_DeInit), (488 bytes).
    Removing stm32f10x_tim.o(i.TIM_ETRClockMode1Config), (54 bytes).
    Removing stm32f10x_tim.o(i.TIM_ETRClockMode2Config), (32 bytes).
    Removing stm32f10x_tim.o(i.TIM_ETRConfig), (28 bytes).
    Removing stm32f10x_tim.o(i.TIM_EncoderInterfaceConfig), (66 bytes).
    Removing stm32f10x_tim.o(i.TIM_ForcedOC1Config), (18 bytes).
    Removing stm32f10x_tim.o(i.TIM_ForcedOC2Config), (26 bytes).
    Removing stm32f10x_tim.o(i.TIM_ForcedOC3Config), (18 bytes).
    Removing stm32f10x_tim.o(i.TIM_ForcedOC4Config), (26 bytes).
    Removing stm32f10x_tim.o(i.TIM_GenerateEvent), (4 bytes).
    Removing stm32f10x_tim.o(i.TIM_GetCapture1), (6 bytes).
    Removing stm32f10x_tim.o(i.TIM_GetCapture2), (6 bytes).
    Removing stm32f10x_tim.o(i.TIM_GetCapture3), (6 bytes).
    Removing stm32f10x_tim.o(i.TIM_GetCapture4), (8 bytes).
    Removing stm32f10x_tim.o(i.TIM_GetCounter), (6 bytes).
    Removing stm32f10x_tim.o(i.TIM_GetFlagStatus), (18 bytes).
    Removing stm32f10x_tim.o(i.TIM_GetITStatus), (34 bytes).
    Removing stm32f10x_tim.o(i.TIM_GetPrescaler), (6 bytes).
    Removing stm32f10x_tim.o(i.TIM_ICInit), (172 bytes).
    Removing stm32f10x_tim.o(i.TIM_ICStructInit), (18 bytes).
    Removing stm32f10x_tim.o(i.TIM_ITConfig), (18 bytes).
    Removing stm32f10x_tim.o(i.TIM_ITRxExternalClockConfig), (24 bytes).
    Removing stm32f10x_tim.o(i.TIM_InternalClockConfig), (12 bytes).
    Removing stm32f10x_tim.o(i.TIM_OC1FastConfig), (18 bytes).
    Removing stm32f10x_tim.o(i.TIM_OC1Init), (152 bytes).
    Removing stm32f10x_tim.o(i.TIM_OC1NPolarityConfig), (18 bytes).
    Removing stm32f10x_tim.o(i.TIM_OC1PolarityConfig), (18 bytes).
    Removing stm32f10x_tim.o(i.TIM_OC1PreloadConfig), (18 bytes).
    Removing stm32f10x_tim.o(i.TIM_OC2FastConfig), (26 bytes).
    Removing stm32f10x_tim.o(i.TIM_OC2Init), (164 bytes).
    Removing stm32f10x_tim.o(i.TIM_OC2NPolarityConfig), (26 bytes).
    Removing stm32f10x_tim.o(i.TIM_OC2PolarityConfig), (26 bytes).
    Removing stm32f10x_tim.o(i.TIM_OC2PreloadConfig), (26 bytes).
    Removing stm32f10x_tim.o(i.TIM_OC3FastConfig), (18 bytes).
    Removing stm32f10x_tim.o(i.TIM_OC3Init), (160 bytes).
    Removing stm32f10x_tim.o(i.TIM_OC3NPolarityConfig), (26 bytes).
    Removing stm32f10x_tim.o(i.TIM_OC3PolarityConfig), (26 bytes).
    Removing stm32f10x_tim.o(i.TIM_OC3PreloadConfig), (18 bytes).
    Removing stm32f10x_tim.o(i.TIM_OC4FastConfig), (26 bytes).
    Removing stm32f10x_tim.o(i.TIM_OC4PolarityConfig), (26 bytes).
    Removing stm32f10x_tim.o(i.TIM_OC4PreloadConfig), (26 bytes).
    Removing stm32f10x_tim.o(i.TIM_OCStructInit), (20 bytes).
    Removing stm32f10x_tim.o(i.TIM_PWMIConfig), (124 bytes).
    Removing stm32f10x_tim.o(i.TIM_PrescalerConfig), (6 bytes).
    Removing stm32f10x_tim.o(i.TIM_SelectCCDMA), (24 bytes).
    Removing stm32f10x_tim.o(i.TIM_SelectCOM), (24 bytes).
    Removing stm32f10x_tim.o(i.TIM_SelectHallSensor), (24 bytes).
    Removing stm32f10x_tim.o(i.TIM_SelectInputTrigger), (18 bytes).
    Removing stm32f10x_tim.o(i.TIM_SelectMasterSlaveMode), (18 bytes).
    Removing stm32f10x_tim.o(i.TIM_SelectOCxM), (82 bytes).
    Removing stm32f10x_tim.o(i.TIM_SelectOnePulseMode), (18 bytes).
    Removing stm32f10x_tim.o(i.TIM_SelectSlaveMode), (18 bytes).
    Removing stm32f10x_tim.o(i.TIM_SetAutoreload), (4 bytes).
    Removing stm32f10x_tim.o(i.TIM_SetClockDivision), (18 bytes).
    Removing stm32f10x_tim.o(i.TIM_SetCompare1), (4 bytes).
    Removing stm32f10x_tim.o(i.TIM_SetCompare2), (4 bytes).
    Removing stm32f10x_tim.o(i.TIM_SetCompare3), (4 bytes).
    Removing stm32f10x_tim.o(i.TIM_SetCompare4), (6 bytes).
    Removing stm32f10x_tim.o(i.TIM_SetCounter), (4 bytes).
    Removing stm32f10x_tim.o(i.TIM_SetIC1Prescaler), (18 bytes).
    Removing stm32f10x_tim.o(i.TIM_SetIC2Prescaler), (26 bytes).
    Removing stm32f10x_tim.o(i.TIM_SetIC3Prescaler), (18 bytes).
    Removing stm32f10x_tim.o(i.TIM_SetIC4Prescaler), (26 bytes).
    Removing stm32f10x_tim.o(i.TIM_TIxExternalClockConfig), (62 bytes).
    Removing stm32f10x_tim.o(i.TIM_UpdateDisableConfig), (24 bytes).
    Removing stm32f10x_tim.o(i.TIM_UpdateRequestConfig), (24 bytes).
    Removing stm32f10x_usart.o(.rev16_text), (4 bytes).
    Removing stm32f10x_usart.o(.revsh_text), (4 bytes).
    Removing stm32f10x_usart.o(.rrx_text), (6 bytes).
    Removing stm32f10x_usart.o(i.USART_ClearFlag), (18 bytes).
    Removing stm32f10x_usart.o(i.USART_ClearITPendingBit), (30 bytes).
    Removing stm32f10x_usart.o(i.USART_ClockInit), (34 bytes).
    Removing stm32f10x_usart.o(i.USART_ClockStructInit), (12 bytes).
    Removing stm32f10x_usart.o(i.USART_DeInit), (156 bytes).
    Removing stm32f10x_usart.o(i.USART_GetFlagStatus), (26 bytes).
    Removing stm32f10x_usart.o(i.USART_HalfDuplexCmd), (24 bytes).
    Removing stm32f10x_usart.o(i.USART_IrDACmd), (24 bytes).
    Removing stm32f10x_usart.o(i.USART_IrDAConfig), (18 bytes).
    Removing stm32f10x_usart.o(i.USART_LINBreakDetectLengthConfig), (18 bytes).
    Removing stm32f10x_usart.o(i.USART_LINCmd), (24 bytes).
    Removing stm32f10x_usart.o(i.USART_OneBitMethodCmd), (24 bytes).
    Removing stm32f10x_usart.o(i.USART_OverSampling8Cmd), (22 bytes).
    Removing stm32f10x_usart.o(i.USART_ReceiveData), (10 bytes).
    Removing stm32f10x_usart.o(i.USART_ReceiverWakeUpCmd), (24 bytes).
    Removing stm32f10x_usart.o(i.USART_SendBreak), (10 bytes).
    Removing stm32f10x_usart.o(i.USART_SendData), (8 bytes).
    Removing stm32f10x_usart.o(i.USART_SetAddress), (18 bytes).
    Removing stm32f10x_usart.o(i.USART_SetGuardTime), (16 bytes).
    Removing stm32f10x_usart.o(i.USART_SetPrescaler), (16 bytes).
    Removing stm32f10x_usart.o(i.USART_SmartCardCmd), (24 bytes).
    Removing stm32f10x_usart.o(i.USART_SmartCardNACKCmd), (24 bytes).
    Removing stm32f10x_usart.o(i.USART_WakeUpConfig), (18 bytes).
    Removing system_stm32f10x.o(.rev16_text), (4 bytes).
    Removing system_stm32f10x.o(.revsh_text), (4 bytes).
    Removing system_stm32f10x.o(.rrx_text), (6 bytes).
    Removing system_stm32f10x.o(i.SystemCoreClockUpdate), (172 bytes).
    Removing system_stm32f10x.o(.data), (20 bytes).
    Removing main.o(.constdata__ZTIN3src10CUART_BaseE), (8 bytes).
    Removing main.o(.constdata__ZTSN3src10CUART_BaseE), (19 bytes).
    Removing adc.o(.ARM.exidx), (8 bytes).
    Removing adc.o(.constdata__ZTIN3src10CADC_type1E), (12 bytes).
    Removing adc.o(.constdata__ZTIN3src10CADC_type2E), (12 bytes).
    Removing adc.o(.constdata__ZTIN3src10CSingleADCE), (8 bytes).
    Removing adc.o(.constdata__ZTSN3src10CADC_type1E), (19 bytes).
    Removing adc.o(.constdata__ZTSN3src10CADC_type2E), (19 bytes).
    Removing adc.o(.constdata__ZTSN3src10CSingleADCE), (19 bytes).
    Removing uart.o(.constdata__ZTIN3src6CUART1E), (12 bytes).
    Removing uart.o(.constdata__ZTSN3src6CUART1E), (14 bytes).
    Removing av_sensors.o(.ARM.exidx), (8 bytes).
    Removing av_sensors.o(.ARM.exidx), (8 bytes).

309 unused section(s) (total 9005 bytes) removed from the image.

==============================================================================

Image Symbol Table

    Local Symbols

    Symbol Name                              Value     Ov Type        Size  Object(Section)

    ../../../edgfe/lib_src/arm_exceptions.c  0x00000000   Number         0  arm_exceptions_callterm.o ABSOLUTE
    ../../../edgfe/lib_src/arm_exceptions.c  0x00000000   Number         0  arm_exceptions_terminate.o ABSOLUTE
    ../../../edgfe/lib_src/arm_exceptions.c  0x00000000   Number         0  arm_exceptions_mem.o ABSOLUTE
    ../../../edgfe/lib_src/arm_exceptions.c  0x00000000   Number         0  arm_exceptions_support.o ABSOLUTE
    ../../../edgfe/lib_src/arm_exceptions.c  0x00000000   Number         0  arm_exceptions_globs.o ABSOLUTE
    ../../../edgfe/lib_src/arm_noexceptions.c 0x00000000   Number         0  arm_begincatch_noexceptions.o ABSOLUTE
    ../../../edgfe/lib_src/pure_virt.c       0x00000000   Number         0  pure_virt.o ABSOLUTE
    ../../../edgfe/lib_src/typeinfo.c        0x00000000   Number         0  lib_rtti_impl.o ABSOLUTE
    ../../../edgfe/lib_src/typeinfo.c        0x00000000   Number         0  type_info_dtor.o ABSOLUTE
    ../clib/angel/boardlib.s                 0x00000000   Number         0  boardshut.o ABSOLUTE
    ../clib/angel/boardlib.s                 0x00000000   Number         0  boardinit1.o ABSOLUTE
    ../clib/angel/boardlib.s                 0x00000000   Number         0  boardinit2.o ABSOLUTE
    ../clib/angel/boardlib.s                 0x00000000   Number         0  boardinit3.o ABSOLUTE
    ../clib/angel/handlers.s                 0x00000000   Number         0  __scatter_copy.o ABSOLUTE
    ../clib/angel/handlers.s                 0x00000000   Number         0  __scatter_zi.o ABSOLUTE
    ../clib/angel/kernel.s                   0x00000000   Number         0  rtexit2.o ABSOLUTE
    ../clib/angel/kernel.s                   0x00000000   Number         0  __rtentry.o ABSOLUTE
    ../clib/angel/kernel.s                   0x00000000   Number         0  rtexit.o ABSOLUTE
    ../clib/angel/kernel.s                   0x00000000   Number         0  __rtentry2.o ABSOLUTE
    ../clib/angel/kernel.s                   0x00000000   Number         0  __rtentry4.o ABSOLUTE
    ../clib/angel/rt.s                       0x00000000   Number         0  rt_eh_globals_addr_intlibspace.o ABSOLUTE
    ../clib/angel/rt.s                       0x00000000   Number         0  rt_raise.o ABSOLUTE
    ../clib/angel/rt.s                       0x00000000   Number         0  rt_heap_descriptor_intlibspace.o ABSOLUTE
    ../clib/angel/rt.s                       0x00000000   Number         0  rt_eh_globals_addr.o ABSOLUTE
    ../clib/angel/rt.s                       0x00000000   Number         0  rt_heap_descriptor.o ABSOLUTE
    ../clib/angel/scatter.s                  0x00000000   Number         0  __scatter.o ABSOLUTE
    ../clib/angel/startup.s                  0x00000000   Number         0  __main.o ABSOLUTE
    ../clib/angel/sys.s                      0x00000000   Number         0  use_no_semi.o ABSOLUTE
    ../clib/angel/sys.s                      0x00000000   Number         0  sys_stackheap_outer.o ABSOLUTE
    ../clib/angel/sys.s                      0x00000000   Number         0  libspace.o ABSOLUTE
    ../clib/angel/sys.s                      0x00000000   Number         0  indicate_semi.o ABSOLUTE
    ../clib/angel/sys.s                      0x00000000   Number         0  mutex_dummy.o ABSOLUTE
    ../clib/angel/sysapp.c                   0x00000000   Number         0  sys_wrch.o ABSOLUTE
    ../clib/angel/sysapp.c                   0x00000000   Number         0  sys_command.o ABSOLUTE
    ../clib/angel/sysapp.c                   0x00000000   Number         0  sys_exit.o ABSOLUTE
    ../clib/arm_runtime.c                    0x00000000   Number         0  init_aeabi.o ABSOLUTE
    ../clib/arm_runtime.c                    0x00000000   Number         0  init_aeabi.o ABSOLUTE
    ../clib/armsys.c                         0x00000000   Number         0  _get_argv.o ABSOLUTE
    ../clib/armsys.c                         0x00000000   Number         0  argv_veneer.o ABSOLUTE
    ../clib/armsys.c                         0x00000000   Number         0  _get_argv_nomalloc.o ABSOLUTE
    ../clib/armsys.c                         0x00000000   Number         0  argv_veneer.o ABSOLUTE
    ../clib/armsys.c                         0x00000000   Number         0  no_argv.o ABSOLUTE
    ../clib/heap1.c                          0x00000000   Number         0  h1_final_mt.o ABSOLUTE
    ../clib/heap1.c                          0x00000000   Number         0  h1_final.o ABSOLUTE
    ../clib/heap1.c                          0x00000000   Number         0  h1_alloc_mt.o ABSOLUTE
    ../clib/heap1.c                          0x00000000   Number         0  h1_extend_mt.o ABSOLUTE
    ../clib/heap1.c                          0x00000000   Number         0  h1_extend.o ABSOLUTE
    ../clib/heap1.c                          0x00000000   Number         0  h1_alloc.o ABSOLUTE
    ../clib/heap1.c                          0x00000000   Number         0  h1_free_mt.o ABSOLUTE
    ../clib/heap1.c                          0x00000000   Number         0  h1_init_mt.o ABSOLUTE
    ../clib/heap1.c                          0x00000000   Number         0  h1_free.o ABSOLUTE
    ../clib/heap1.c                          0x00000000   Number         0  h1_init.o ABSOLUTE
    ../clib/heap2.c                          0x00000000   Number         0  fdtree.o ABSOLUTE
    ../clib/heap2.c                          0x00000000   Number         0  heap2mt.o ABSOLUTE
    ../clib/heap2.c                          0x00000000   Number         0  heap2.o ABSOLUTE
    ../clib/heapalloc.c                      0x00000000   Number         0  init_alloc.o ABSOLUTE
    ../clib/heapalloc.c                      0x00000000   Number         0  term_alloc.o ABSOLUTE
    ../clib/heapalloc.c                      0x00000000   Number         0  malloc.o ABSOLUTE
    ../clib/heapalloc.c                      0x00000000   Number         0  hrguard.o ABSOLUTE
    ../clib/heapalloc.c                      0x00000000   Number         0  maybetermalloc2.o ABSOLUTE
    ../clib/heapalloc.c                      0x00000000   Number         0  free.o ABSOLUTE
    ../clib/heapalloc.c                      0x00000000   Number         0  heapstubs.o ABSOLUTE
    ../clib/heapalloc.c                      0x00000000   Number         0  maybetermalloc2.o ABSOLUTE
    ../clib/heapalloc.c                      0x00000000   Number         0  maybetermalloc1.o ABSOLUTE
    ../clib/heapalloc.c                      0x00000000   Number         0  maybetermalloc1.o ABSOLUTE
    ../clib/heapalloc.c                      0x00000000   Number         0  hguard.o ABSOLUTE
    ../clib/heapaux.c                        0x00000000   Number         0  heapauxi.o ABSOLUTE
    ../clib/heapaux.c                        0x00000000   Number         0  heapauxa.o ABSOLUTE
    ../clib/libinit.s                        0x00000000   Number         0  libshutdown2.o ABSOLUTE
    ../clib/libinit.s                        0x00000000   Number         0  libshutdown.o ABSOLUTE
    ../clib/libinit.s                        0x00000000   Number         0  libinit.o ABSOLUTE
    ../clib/libinit.s                        0x00000000   Number         0  libinit2.o ABSOLUTE
    ../clib/memcpset.s                       0x00000000   Number         0  rt_memcpy_w.o ABSOLUTE
    ../clib/signal.c                         0x00000000   Number         0  defsig_fpe_inner.o ABSOLUTE
    ../clib/signal.c                         0x00000000   Number         0  defsig_other.o ABSOLUTE
    ../clib/signal.c                         0x00000000   Number         0  defsig_segv_inner.o ABSOLUTE
    ../clib/signal.c                         0x00000000   Number         0  defsig_cppl_inner.o ABSOLUTE
    ../clib/signal.c                         0x00000000   Number         0  defsig_pvfn_inner.o ABSOLUTE
    ../clib/signal.c                         0x00000000   Number         0  defsig_stak_inner.o ABSOLUTE
    ../clib/signal.c                         0x00000000   Number         0  defsig_rtmem_inner.o ABSOLUTE
    ../clib/signal.c                         0x00000000   Number         0  defsig_pvfn_formal.o ABSOLUTE
    ../clib/signal.c                         0x00000000   Number         0  defsig_rtred_inner.o ABSOLUTE
    ../clib/signal.c                         0x00000000   Number         0  defsig_general.o ABSOLUTE
    ../clib/signal.c                         0x00000000   Number         0  __raise.o ABSOLUTE
    ../clib/signal.c                         0x00000000   Number         0  defsig_abrt_inner.o ABSOLUTE
    ../clib/signal.c                         0x00000000   Number         0  defsig_pvfn_outer.o ABSOLUTE
    ../clib/signal.c                         0x00000000   Number         0  defsig_rtmem_formal.o ABSOLUTE
    ../clib/signal.c                         0x00000000   Number         0  defsig_rtmem_outer.o ABSOLUTE
    ../clib/signal.c                         0x00000000   Number         0  defsig_abrt_outer.o ABSOLUTE
    ../clib/signal.c                         0x00000000   Number         0  defsig_abrt_formal.o ABSOLUTE
    ../clib/signal.c                         0x00000000   Number         0  defsig_exit.o ABSOLUTE
    ../clib/signal.s                         0x00000000   Number         0  defsig.o ABSOLUTE
    ../clib/stdlib.c                         0x00000000   Number         0  abort.o ABSOLUTE
    ../clib/stdlib.c                         0x00000000   Number         0  exit.o ABSOLUTE
    ../fplib/fdiv.s                          0x00000000   Number         0  fdiv.o ABSOLUTE
    ../fplib/ffix.s                          0x00000000   Number         0  ffix.o ABSOLUTE
    ../fplib/fflt.s                          0x00000000   Number         0  fflt_clz.o ABSOLUTE
    ../fplib/fmul.s                          0x00000000   Number         0  fmul.o ABSOLUTE
    ../fplib/fnaninf.s                       0x00000000   Number         0  fnaninf.o ABSOLUTE
    ../fplib/fpinit.s                        0x00000000   Number         0  fpinit.o ABSOLUTE
    ../fplib/fretinf.s                       0x00000000   Number         0  fretinf.o ABSOLUTE
    ../fplib/usenofp.s                       0x00000000   Number         0  usenofp.o ABSOLUTE
    C:\Keil_v5\ARM\PACK\Keil\STM32F1xx_DFP\1.1.0\Device\StdPeriph_Driver\src\misc.c 0x00000000   Number         0  misc.o ABSOLUTE
    C:\Keil_v5\ARM\PACK\Keil\STM32F1xx_DFP\1.1.0\Device\StdPeriph_Driver\src\stm32f10x_adc.c 0x00000000   Number         0  stm32f10x_adc.o ABSOLUTE
    C:\Keil_v5\ARM\PACK\Keil\STM32F1xx_DFP\1.1.0\Device\StdPeriph_Driver\src\stm32f10x_dma.c 0x00000000   Number         0  stm32f10x_dma.o ABSOLUTE
    C:\Keil_v5\ARM\PACK\Keil\STM32F1xx_DFP\1.1.0\Device\StdPeriph_Driver\src\stm32f10x_flash.c 0x00000000   Number         0  stm32f10x_flash.o ABSOLUTE
    C:\Keil_v5\ARM\PACK\Keil\STM32F1xx_DFP\1.1.0\Device\StdPeriph_Driver\src\stm32f10x_gpio.c 0x00000000   Number         0  stm32f10x_gpio.o ABSOLUTE
    C:\Keil_v5\ARM\PACK\Keil\STM32F1xx_DFP\1.1.0\Device\StdPeriph_Driver\src\stm32f10x_rcc.c 0x00000000   Number         0  stm32f10x_rcc.o ABSOLUTE
    C:\Keil_v5\ARM\PACK\Keil\STM32F1xx_DFP\1.1.0\Device\StdPeriph_Driver\src\stm32f10x_tim.c 0x00000000   Number         0  stm32f10x_tim.o ABSOLUTE
    C:\Keil_v5\ARM\PACK\Keil\STM32F1xx_DFP\1.1.0\Device\StdPeriph_Driver\src\stm32f10x_usart.c 0x00000000   Number         0  stm32f10x_usart.o ABSOLUTE
    C:\\Keil_v5\\ARM\\PACK\\Keil\\STM32F1xx_DFP\\1.1.0\\Device\\StdPeriph_Driver\\src\\misc.c 0x00000000   Number         0  misc.o ABSOLUTE
    C:\\Keil_v5\\ARM\\PACK\\Keil\\STM32F1xx_DFP\\1.1.0\\Device\\StdPeriph_Driver\\src\\stm32f10x_adc.c 0x00000000   Number         0  stm32f10x_adc.o ABSOLUTE
    C:\\Keil_v5\\ARM\\PACK\\Keil\\STM32F1xx_DFP\\1.1.0\\Device\\StdPeriph_Driver\\src\\stm32f10x_dma.c 0x00000000   Number         0  stm32f10x_dma.o ABSOLUTE
    C:\\Keil_v5\\ARM\\PACK\\Keil\\STM32F1xx_DFP\\1.1.0\\Device\\StdPeriph_Driver\\src\\stm32f10x_flash.c 0x00000000   Number         0  stm32f10x_flash.o ABSOLUTE
    C:\\Keil_v5\\ARM\\PACK\\Keil\\STM32F1xx_DFP\\1.1.0\\Device\\StdPeriph_Driver\\src\\stm32f10x_gpio.c 0x00000000   Number         0  stm32f10x_gpio.o ABSOLUTE
    C:\\Keil_v5\\ARM\\PACK\\Keil\\STM32F1xx_DFP\\1.1.0\\Device\\StdPeriph_Driver\\src\\stm32f10x_rcc.c 0x00000000   Number         0  stm32f10x_rcc.o ABSOLUTE
    C:\\Keil_v5\\ARM\\PACK\\Keil\\STM32F1xx_DFP\\1.1.0\\Device\\StdPeriph_Driver\\src\\stm32f10x_tim.c 0x00000000   Number         0  stm32f10x_tim.o ABSOLUTE
    C:\\Keil_v5\\ARM\\PACK\\Keil\\STM32F1xx_DFP\\1.1.0\\Device\\StdPeriph_Driver\\src\\stm32f10x_usart.c 0x00000000   Number         0  stm32f10x_usart.o ABSOLUTE
    Main.cpp                                 0x00000000   Number         0  main.o ABSOLUTE
    Main.cpp                                 0x00000000   Number         0  main.o ABSOLUTE
    RTE\Device\STM32F103C8\startup_stm32f10x_md.s 0x00000000   Number         0  startup_stm32f10x_md.o ABSOLUTE
    RTE\Device\STM32F103C8\system_stm32f10x.c 0x00000000   Number         0  system_stm32f10x.o ABSOLUTE
    RTE\\Device\\STM32F103C8\\system_stm32f10x.c 0x00000000   Number         0  system_stm32f10x.o ABSOLUTE
    _ADC\ADC.cpp                             0x00000000   Number         0  adc.o ABSOLUTE
    _ADC\\ADC.cpp                            0x00000000   Number         0  adc.o ABSOLUTE
    _AV_Sensors\AV_Sensors.cpp               0x00000000   Number         0  av_sensors.o ABSOLUTE
    _AV_Sensors\\AV_Sensors.cpp              0x00000000   Number         0  av_sensors.o ABSOLUTE
    _DSP_tools\Mean_Filter.cpp               0x00000000   Number         0  mean_filter.o ABSOLUTE
    _DSP_tools\RMS_Filter.cpp                0x00000000   Number         0  rms_filter.o ABSOLUTE
    _FXP_Math\FXP_Math.cpp                   0x00000000   Number         0  fxp_math.o ABSOLUTE
    _UART\UART.cpp                           0x00000000   Number         0  uart.o ABSOLUTE
    _UART\\UART.cpp                          0x00000000   Number         0  uart.o ABSOLUTE
    dc.s                                     0x00000000   Number         0  dc.o ABSOLUTE
    RESET                                    0x08000000   Section      236  startup_stm32f10x_md.o(RESET)
    !!!main                                  0x080000ec   Section        8  __main.o(!!!main)
    !!!scatter                               0x080000f4   Section       52  __scatter.o(!!!scatter)
    !!handler_copy                           0x08000128   Section       26  __scatter_copy.o(!!handler_copy)
    !!handler_zi                             0x08000144   Section       28  __scatter_zi.o(!!handler_zi)
    .ARM.Collect$$libinit$$00000000          0x08000160   Section        2  libinit.o(.ARM.Collect$$libinit$$00000000)
    .ARM.Collect$$libinit$$00000002          0x08000162   Section        0  libinit2.o(.ARM.Collect$$libinit$$00000002)
    .ARM.Collect$$libinit$$00000004          0x08000162   Section        0  libinit2.o(.ARM.Collect$$libinit$$00000004)
    .ARM.Collect$$libinit$$0000000A          0x08000162   Section        0  libinit2.o(.ARM.Collect$$libinit$$0000000A)
    .ARM.Collect$$libinit$$0000000C          0x08000162   Section        0  libinit2.o(.ARM.Collect$$libinit$$0000000C)
    .ARM.Collect$$libinit$$0000000E          0x08000162   Section        0  libinit2.o(.ARM.Collect$$libinit$$0000000E)
    .ARM.Collect$$libinit$$00000011          0x08000162   Section        0  libinit2.o(.ARM.Collect$$libinit$$00000011)
    .ARM.Collect$$libinit$$00000013          0x08000162   Section        0  libinit2.o(.ARM.Collect$$libinit$$00000013)
    .ARM.Collect$$libinit$$00000015          0x08000162   Section        0  libinit2.o(.ARM.Collect$$libinit$$00000015)
    .ARM.Collect$$libinit$$00000017          0x08000162   Section        0  libinit2.o(.ARM.Collect$$libinit$$00000017)
    .ARM.Collect$$libinit$$00000019          0x08000162   Section        0  libinit2.o(.ARM.Collect$$libinit$$00000019)
    .ARM.Collect$$libinit$$0000001B          0x08000162   Section        0  libinit2.o(.ARM.Collect$$libinit$$0000001B)
    .ARM.Collect$$libinit$$0000001D          0x08000162   Section        0  libinit2.o(.ARM.Collect$$libinit$$0000001D)
    .ARM.Collect$$libinit$$0000001F          0x08000162   Section        0  libinit2.o(.ARM.Collect$$libinit$$0000001F)
    .ARM.Collect$$libinit$$00000021          0x08000162   Section        0  libinit2.o(.ARM.Collect$$libinit$$00000021)
    .ARM.Collect$$libinit$$00000023          0x08000162   Section        0  libinit2.o(.ARM.Collect$$libinit$$00000023)
    .ARM.Collect$$libinit$$00000025          0x08000162   Section        0  libinit2.o(.ARM.Collect$$libinit$$00000025)
    .ARM.Collect$$libinit$$0000002C          0x08000162   Section        0  libinit2.o(.ARM.Collect$$libinit$$0000002C)
    .ARM.Collect$$libinit$$0000002E          0x08000162   Section        0  libinit2.o(.ARM.Collect$$libinit$$0000002E)
    .ARM.Collect$$libinit$$00000030          0x08000162   Section        0  libinit2.o(.ARM.Collect$$libinit$$00000030)
    .ARM.Collect$$libinit$$00000031          0x08000162   Section        4  libinit2.o(.ARM.Collect$$libinit$$00000031)
    .ARM.Collect$$libinit$$00000032          0x08000166   Section        0  libinit2.o(.ARM.Collect$$libinit$$00000032)
    .ARM.Collect$$libinit$$00000033          0x08000166   Section        2  libinit2.o(.ARM.Collect$$libinit$$00000033)
    .ARM.Collect$$libshutdown$$00000000      0x08000168   Section        2  libshutdown.o(.ARM.Collect$$libshutdown$$00000000)
    .ARM.Collect$$libshutdown$$00000003      0x0800016a   Section        0  libshutdown2.o(.ARM.Collect$$libshutdown$$00000003)
    .ARM.Collect$$libshutdown$$00000006      0x0800016a   Section        0  libshutdown2.o(.ARM.Collect$$libshutdown$$00000006)
    .ARM.Collect$$libshutdown$$00000009      0x0800016a   Section        0  libshutdown2.o(.ARM.Collect$$libshutdown$$00000009)
    .ARM.Collect$$libshutdown$$0000000B      0x0800016a   Section        0  libshutdown2.o(.ARM.Collect$$libshutdown$$0000000B)
    .ARM.Collect$$libshutdown$$0000000E      0x0800016a   Section        0  libshutdown2.o(.ARM.Collect$$libshutdown$$0000000E)
    .ARM.Collect$$libshutdown$$0000000F      0x0800016a   Section        2  libshutdown2.o(.ARM.Collect$$libshutdown$$0000000F)
    .ARM.Collect$$rtentry$$00000000          0x0800016c   Section        0  __rtentry.o(.ARM.Collect$$rtentry$$00000000)
    .ARM.Collect$$rtentry$$00000002          0x0800016c   Section        0  __rtentry2.o(.ARM.Collect$$rtentry$$00000002)
    .ARM.Collect$$rtentry$$00000004          0x0800016c   Section        6  __rtentry4.o(.ARM.Collect$$rtentry$$00000004)
    .ARM.Collect$$rtentry$$00000009          0x08000172   Section        0  __rtentry2.o(.ARM.Collect$$rtentry$$00000009)
    .ARM.Collect$$rtentry$$0000000A          0x08000172   Section        4  __rtentry2.o(.ARM.Collect$$rtentry$$0000000A)
    .ARM.Collect$$rtentry$$0000000C          0x08000176   Section        0  __rtentry2.o(.ARM.Collect$$rtentry$$0000000C)
    .ARM.Collect$$rtentry$$0000000D          0x08000176   Section        8  __rtentry2.o(.ARM.Collect$$rtentry$$0000000D)
    .ARM.Collect$$rtexit$$00000000           0x0800017e   Section        2  rtexit.o(.ARM.Collect$$rtexit$$00000000)
    .ARM.Collect$$rtexit$$00000002           0x08000180   Section        0  rtexit2.o(.ARM.Collect$$rtexit$$00000002)
    .ARM.Collect$$rtexit$$00000003           0x08000180   Section        4  rtexit2.o(.ARM.Collect$$rtexit$$00000003)
    .ARM.Collect$$rtexit$$00000004           0x08000184   Section        6  rtexit2.o(.ARM.Collect$$rtexit$$00000004)
    .text                                    0x0800018c   Section       64  startup_stm32f10x_md.o(.text)
    .text                                    0x080001cc   Section        0  heapauxi.o(.text)
    .text                                    0x080001d4   Section        0  init_aeabi.o(.text)
    .text                                    0x080001f8   Section        0  sys_exit.o(.text)
    .text                                    0x08000204   Section       74  sys_stackheap_outer.o(.text)
    .text                                    0x0800024e   Section        0  exit.o(.text)
    .text                                    0x0800025c   Section        8  libspace.o(.text)
    .text                                    0x08000264   Section        2  use_no_semi.o(.text)
    .text                                    0x08000266   Section        0  indicate_semi.o(.text)
    i.ADC_Cmd                                0x08000266   Section        0  stm32f10x_adc.o(i.ADC_Cmd)
    i.ADC_DMACmd                             0x0800027c   Section        0  stm32f10x_adc.o(i.ADC_DMACmd)
    i.ADC_ExternalTrigConvCmd                0x08000292   Section        0  stm32f10x_adc.o(i.ADC_ExternalTrigConvCmd)
    i.ADC_GetCalibrationStatus               0x080002a8   Section        0  stm32f10x_adc.o(i.ADC_GetCalibrationStatus)
    i.ADC_GetResetCalibrationStatus          0x080002bc   Section        0  stm32f10x_adc.o(i.ADC_GetResetCalibrationStatus)
    i.ADC_Init                               0x080002d0   Section        0  stm32f10x_adc.o(i.ADC_Init)
    i.ADC_RegularChannelConfig               0x08000320   Section        0  stm32f10x_adc.o(i.ADC_RegularChannelConfig)
    i.ADC_ResetCalibration                   0x080003d8   Section        0  stm32f10x_adc.o(i.ADC_ResetCalibration)
    i.ADC_SoftwareStartConvCmd               0x080003e2   Section        0  stm32f10x_adc.o(i.ADC_SoftwareStartConvCmd)
    i.ADC_StartCalibration                   0x080003f8   Section        0  stm32f10x_adc.o(i.ADC_StartCalibration)
    i.DMA1_Channel4_IRQHandler               0x08000404   Section        0  main.o(i.DMA1_Channel4_IRQHandler)
    i.DMA_ClearFlag                          0x08000424   Section        0  stm32f10x_dma.o(i.DMA_ClearFlag)
    i.DMA_ClearITPendingBit                  0x08000440   Section        0  stm32f10x_dma.o(i.DMA_ClearITPendingBit)
    i.DMA_Cmd                                0x0800045c   Section        0  stm32f10x_dma.o(i.DMA_Cmd)
    i.DMA_DeInit                             0x08000474   Section        0  stm32f10x_dma.o(i.DMA_DeInit)
    i.DMA_ITConfig                           0x080005c0   Section        0  stm32f10x_dma.o(i.DMA_ITConfig)
    i.DMA_Init                               0x080005d2   Section        0  stm32f10x_dma.o(i.DMA_Init)
    i.GPIO_Init                              0x0800060e   Section        0  stm32f10x_gpio.o(i.GPIO_Init)
    i.NVIC_Init                              0x08000724   Section        0  misc.o(i.NVIC_Init)
    i.RCC_ADCCLKConfig                       0x08000794   Section        0  stm32f10x_rcc.o(i.RCC_ADCCLKConfig)
    i.RCC_AHBPeriphClockCmd                  0x080007ac   Section        0  stm32f10x_rcc.o(i.RCC_AHBPeriphClockCmd)
    i.RCC_APB1PeriphClockCmd                 0x080007cc   Section        0  stm32f10x_rcc.o(i.RCC_APB1PeriphClockCmd)
    i.RCC_APB2PeriphClockCmd                 0x080007ec   Section        0  stm32f10x_rcc.o(i.RCC_APB2PeriphClockCmd)
    i.RCC_GetClocksFreq                      0x0800080c   Section        0  stm32f10x_rcc.o(i.RCC_GetClocksFreq)
    i.SetSysClock                            0x080008e8   Section        0  system_stm32f10x.o(i.SetSysClock)
    SetSysClock                              0x080008e9   Thumb Code     8  system_stm32f10x.o(i.SetSysClock)
    i.SetSysClockTo72                        0x080008f0   Section        0  system_stm32f10x.o(i.SetSysClockTo72)
    SetSysClockTo72                          0x080008f1   Thumb Code   214  system_stm32f10x.o(i.SetSysClockTo72)
    i.SystemInit                             0x080009d0   Section        0  system_stm32f10x.o(i.SystemInit)
    i.TIM_Cmd                                0x08000a30   Section        0  stm32f10x_tim.o(i.TIM_Cmd)
    i.TIM_OC4Init                            0x08000a48   Section        0  stm32f10x_tim.o(i.TIM_OC4Init)
    i.TIM_SelectOutputTrigger                0x08000ac4   Section        0  stm32f10x_tim.o(i.TIM_SelectOutputTrigger)
    i.TIM_TimeBaseInit                       0x08000ad8   Section        0  stm32f10x_tim.o(i.TIM_TimeBaseInit)
    i.TIM_TimeBaseStructInit                 0x08000b7c   Section        0  stm32f10x_tim.o(i.TIM_TimeBaseStructInit)
    i.USART1_IRQHandler                      0x08000b90   Section        0  main.o(i.USART1_IRQHandler)
    i.USART_Cmd                              0x08000bb8   Section        0  stm32f10x_usart.o(i.USART_Cmd)
    i.USART_DMACmd                           0x08000bd0   Section        0  stm32f10x_usart.o(i.USART_DMACmd)
    i.USART_GetITStatus                      0x08000be2   Section        0  stm32f10x_usart.o(i.USART_GetITStatus)
    i.USART_ITConfig                         0x08000c36   Section        0  stm32f10x_usart.o(i.USART_ITConfig)
    i.USART_Init                             0x08000c80   Section        0  stm32f10x_usart.o(i.USART_Init)
    i.USART_StructInit                       0x08000d58   Section        0  stm32f10x_usart.o(i.USART_StructInit)
    i._Z18GPIO_Configurationv                0x08000d70   Section        0  main.o(i._Z18GPIO_Configurationv)
    i._ZN3src10CADC_type14InitEv             0x08000d94   Section        0  adc.o(i._ZN3src10CADC_type14InitEv)
    i._ZN3src10CADC_type1C1Ev                0x08000f20   Section        0  adc.o(i._ZN3src10CADC_type1C1Ev)
    i._ZN3src10CADC_type24InitEv             0x08000f38   Section        0  adc.o(i._ZN3src10CADC_type24InitEv)
    i._ZN3src10CADC_type2C1Ev                0x08000f3c   Section        0  adc.o(i._ZN3src10CADC_type2C1Ev)
    i._ZN3src10CSingleADCC2Ev                0x08000f54   Section        0  adc.o(i._ZN3src10CSingleADCC2Ev)
    i._ZN3src10MeanFilter7PutTsTfEff         0x08000f60   Section        0  mean_filter.o(i._ZN3src10MeanFilter7PutTsTfEff)
    i._ZN3src10MeanFilterC1Ev                0x08000fb8   Section        0  av_sensors.o(i._ZN3src10MeanFilterC1Ev)
    i._ZN3src14Av_Rms_SensorsC1Eff           0x08000ffa   Section        0  av_sensors.o(i._ZN3src14Av_Rms_SensorsC1Eff)
    i._ZN3src2IqC1Efh                        0x08001042   Section        0  fxp_math.o(i._ZN3src2IqC1Efh)
    i._ZN3src2IqC1El                         0x08001072   Section        0  fxp_math.o(i._ZN3src2IqC1El)
    i._ZN3src2IqC1Ev                         0x08001076   Section        0  fxp_math.o(i._ZN3src2IqC1Ev)
    i._ZN3src6CUART14InitEv                  0x08001080   Section        0  uart.o(i._ZN3src6CUART14InitEv)
    i._ZN3src6CUART15RxISREv                 0x080011e8   Section        0  uart.o(i._ZN3src6CUART15RxISREv)
    i._ZN3src6CUART15TxISREv                 0x080011f4   Section        0  uart.o(i._ZN3src6CUART15TxISREv)
    i._ZN3src9AvSensorsC1Eff                 0x08001220   Section        0  av_sensors.o(i._ZN3src9AvSensorsC1Eff)
    i._ZN3src9RmsFilterC1Ev                  0x08001240   Section        0  av_sensors.o(i._ZN3src9RmsFilterC1Ev)
    i.__sti___8_Main_cpp_ADC_1               0x08001250   Section        0  main.o(i.__sti___8_Main_cpp_ADC_1)
    __sti___8_Main_cpp_ADC_1                 0x08001251   Thumb Code    46  main.o(i.__sti___8_Main_cpp_ADC_1)
    i.main                                   0x080012a8   Section        0  main.o(i.main)
    x$fpl$fdiv                               0x080012f8   Section      388  fdiv.o(x$fpl$fdiv)
    _fdiv1                                   0x080012f9   Thumb Code     0  fdiv.o(x$fpl$fdiv)
    x$fpl$ffix                               0x0800147c   Section       54  ffix.o(x$fpl$ffix)
    x$fpl$fflt                               0x080014b4   Section       48  fflt_clz.o(x$fpl$fflt)
    x$fpl$fmul                               0x080014e4   Section      258  fmul.o(x$fpl$fmul)
    x$fpl$fnaninf                            0x080015e6   Section      140  fnaninf.o(x$fpl$fnaninf)
    x$fpl$fretinf                            0x08001672   Section       10  fretinf.o(x$fpl$fretinf)
    .constdata__ZTVN3src10CADC_type1E        0x0800167c   Section       16  adc.o(.constdata__ZTVN3src10CADC_type1E)
    x$fpl$usenofp                            0x0800167c   Section        0  usenofp.o(x$fpl$usenofp)
    .constdata__ZTVN3src10CADC_type2E        0x0800168c   Section       16  adc.o(.constdata__ZTVN3src10CADC_type2E)
    .constdata__ZTVN3src10CSingleADCE        0x0800169c   Section       16  adc.o(.constdata__ZTVN3src10CSingleADCE)
    .constdata__ZTVN3src10CUART_BaseE        0x080016ac   Section       20  main.o(.constdata__ZTVN3src10CUART_BaseE)
    .constdata__ZTVN3src6CUART1E             0x080016c0   Section       20  uart.o(.constdata__ZTVN3src6CUART1E)
    .init_array                              0x080016f4   Section        4  main.o(.init_array)
    .init_array                              0x080016f8   Section        0  init_aeabi.o(.init_array)
    .data                                    0x20000000   Section       28  main.o(.data)
    .data                                    0x2000001c   Section       20  stm32f10x_rcc.o(.data)
    APBAHBPrescTable                         0x2000001c   Data          16  stm32f10x_rcc.o(.data)
    ADCPrescTable                            0x2000002c   Data           4  stm32f10x_rcc.o(.data)
    .bss                                     0x20000030   Section      500  main.o(.bss)
    .bss                                     0x20000224   Section       96  libspace.o(.bss)
    HEAP                                     0x20000288   Section      512  startup_stm32f10x_md.o(HEAP)
    Heap_Mem                                 0x20000288   Data         512  startup_stm32f10x_md.o(HEAP)
    STACK                                    0x20000488   Section     1024  startup_stm32f10x_md.o(STACK)
    Stack_Mem                                0x20000488   Data        1024  startup_stm32f10x_md.o(STACK)
    __initial_sp                             0x20000888   Data           0  startup_stm32f10x_md.o(STACK)

    Global Symbols

    Symbol Name                              Value     Ov Type        Size  Object(Section)

    BuildAttributes$$THM_ISAv4$P$D$K$B$S$PE$A:L22UL41UL21$X:L11$S22US41US21$IEEE1$IW$USESV6$~STKCKD$USESV7$~SHL$OTIME$ROPI$EBA8$UX$STANDARDLIB$REQ8$PRES8$EABIv2 0x00000000   Number         0  anon$$obj.o ABSOLUTE
    __ARM_use_no_argv                        0x00000000   Number         0  main.o ABSOLUTE
    __ARM::default_unexpected_handler()       - Undefined Weak Reference
    __ARM_exceptions_buffer_required          - Undefined Weak Reference
    __ARM_exceptions_init                     - Undefined Weak Reference
    __alloca_initialize                       - Undefined Weak Reference
    __arm_preinit_                            - Undefined Weak Reference
    __cxa_finalize                            - Undefined Weak Reference
    __rt_locale                               - Undefined Weak Reference
    __sigvec_lookup                           - Undefined Weak Reference
    __user_heap_extent                        - Undefined Weak Reference
    _atexit_init                              - Undefined Weak Reference
    _call_atexit_fns                          - Undefined Weak Reference
    _clock_init                               - Undefined Weak Reference
    _fp_trap_init                             - Undefined Weak Reference
    _fp_trap_shutdown                         - Undefined Weak Reference
    _get_lc_collate                           - Undefined Weak Reference
    _get_lc_ctype                             - Undefined Weak Reference
    _get_lc_monetary                          - Undefined Weak Reference
    _get_lc_numeric                           - Undefined Weak Reference
    _get_lc_time                              - Undefined Weak Reference
    _getenv_init                              - Undefined Weak Reference
    _handle_redirection                       - Undefined Weak Reference
    _initio                                   - Undefined Weak Reference
    _mutex_acquire                            - Undefined Weak Reference
    _mutex_free                               - Undefined Weak Reference
    _mutex_release                            - Undefined Weak Reference
    _rand_init                                - Undefined Weak Reference
    _signal_finish                            - Undefined Weak Reference
    _signal_init                              - Undefined Weak Reference
    _terminateio                              - Undefined Weak Reference
    __Vectors_Size                           0x000000ec   Number         0  startup_stm32f10x_md.o ABSOLUTE
    __Vectors                                0x08000000   Data           4  startup_stm32f10x_md.o(RESET)
    __Vectors_End                            0x080000ec   Data           0  startup_stm32f10x_md.o(RESET)
    __main                                   0x080000ed   Thumb Code     8  __main.o(!!!main)
    __scatterload                            0x080000f5   Thumb Code     0  __scatter.o(!!!scatter)
    __scatterload_rt2                        0x080000f5   Thumb Code    44  __scatter.o(!!!scatter)
    __scatterload_rt2_thumb_only             0x080000f5   Thumb Code     0  __scatter.o(!!!scatter)
    __scatterload_null                       0x08000103   Thumb Code     0  __scatter.o(!!!scatter)
    __scatterload_copy                       0x08000129   Thumb Code    26  __scatter_copy.o(!!handler_copy)
    __scatterload_zeroinit                   0x08000145   Thumb Code    28  __scatter_zi.o(!!handler_zi)
    __rt_lib_init                            0x08000161   Thumb Code     0  libinit.o(.ARM.Collect$$libinit$$00000000)
    __rt_lib_init_alloca_1                   0x08000163   Thumb Code     0  libinit2.o(.ARM.Collect$$libinit$$0000002E)
    __rt_lib_init_argv_1                     0x08000163   Thumb Code     0  libinit2.o(.ARM.Collect$$libinit$$0000002C)
    __rt_lib_init_atexit_1                   0x08000163   Thumb Code     0  libinit2.o(.ARM.Collect$$libinit$$0000001B)
    __rt_lib_init_clock_1                    0x08000163   Thumb Code     0  libinit2.o(.ARM.Collect$$libinit$$00000021)
    __rt_lib_init_cpp_2                      0x08000163   Thumb Code     0  libinit2.o(.ARM.Collect$$libinit$$00000031)
    __rt_lib_init_exceptions_1               0x08000163   Thumb Code     0  libinit2.o(.ARM.Collect$$libinit$$00000030)
    __rt_lib_init_fp_1                       0x08000163   Thumb Code     0  libinit2.o(.ARM.Collect$$libinit$$00000002)
    __rt_lib_init_fp_trap_1                  0x08000163   Thumb Code     0  libinit2.o(.ARM.Collect$$libinit$$0000001F)
    __rt_lib_init_getenv_1                   0x08000163   Thumb Code     0  libinit2.o(.ARM.Collect$$libinit$$00000023)
    __rt_lib_init_heap_1                     0x08000163   Thumb Code     0  libinit2.o(.ARM.Collect$$libinit$$0000000A)
    __rt_lib_init_lc_collate_1               0x08000163   Thumb Code     0  libinit2.o(.ARM.Collect$$libinit$$00000011)
    __rt_lib_init_lc_ctype_1                 0x08000163   Thumb Code     0  libinit2.o(.ARM.Collect$$libinit$$00000013)
    __rt_lib_init_lc_monetary_1              0x08000163   Thumb Code     0  libinit2.o(.ARM.Collect$$libinit$$00000015)
    __rt_lib_init_lc_numeric_1               0x08000163   Thumb Code     0  libinit2.o(.ARM.Collect$$libinit$$00000017)
    __rt_lib_init_lc_time_1                  0x08000163   Thumb Code     0  libinit2.o(.ARM.Collect$$libinit$$00000019)
    __rt_lib_init_preinit_1                  0x08000163   Thumb Code     0  libinit2.o(.ARM.Collect$$libinit$$00000004)
    __rt_lib_init_rand_1                     0x08000163   Thumb Code     0  libinit2.o(.ARM.Collect$$libinit$$0000000E)
    __rt_lib_init_signal_1                   0x08000163   Thumb Code     0  libinit2.o(.ARM.Collect$$libinit$$0000001D)
    __rt_lib_init_stdio_1                    0x08000163   Thumb Code     0  libinit2.o(.ARM.Collect$$libinit$$00000025)
    __rt_lib_init_user_alloc_1               0x08000163   Thumb Code     0  libinit2.o(.ARM.Collect$$libinit$$0000000C)
    __rt_lib_init_cpp_1                      0x08000167   Thumb Code     0  libinit2.o(.ARM.Collect$$libinit$$00000032)
    __rt_lib_init_return                     0x08000167   Thumb Code     0  libinit2.o(.ARM.Collect$$libinit$$00000033)
    __rt_lib_shutdown                        0x08000169   Thumb Code     0  libshutdown.o(.ARM.Collect$$libshutdown$$00000000)
    __rt_lib_shutdown_fp_trap_1              0x0800016b   Thumb Code     0  libshutdown2.o(.ARM.Collect$$libshutdown$$00000006)
    __rt_lib_shutdown_heap_1                 0x0800016b   Thumb Code     0  libshutdown2.o(.ARM.Collect$$libshutdown$$0000000E)
    __rt_lib_shutdown_return                 0x0800016b   Thumb Code     0  libshutdown2.o(.ARM.Collect$$libshutdown$$0000000F)
    __rt_lib_shutdown_signal_1               0x0800016b   Thumb Code     0  libshutdown2.o(.ARM.Collect$$libshutdown$$00000009)
    __rt_lib_shutdown_stdio_1                0x0800016b   Thumb Code     0  libshutdown2.o(.ARM.Collect$$libshutdown$$00000003)
    __rt_lib_shutdown_user_alloc_1           0x0800016b   Thumb Code     0  libshutdown2.o(.ARM.Collect$$libshutdown$$0000000B)
    __rt_entry                               0x0800016d   Thumb Code     0  __rtentry.o(.ARM.Collect$$rtentry$$00000000)
    __rt_entry_presh_1                       0x0800016d   Thumb Code     0  __rtentry2.o(.ARM.Collect$$rtentry$$00000002)
    __rt_entry_sh                            0x0800016d   Thumb Code     0  __rtentry4.o(.ARM.Collect$$rtentry$$00000004)
    __rt_entry_li                            0x08000173   Thumb Code     0  __rtentry2.o(.ARM.Collect$$rtentry$$0000000A)
    __rt_entry_postsh_1                      0x08000173   Thumb Code     0  __rtentry2.o(.ARM.Collect$$rtentry$$00000009)
    __rt_entry_main                          0x08000177   Thumb Code     0  __rtentry2.o(.ARM.Collect$$rtentry$$0000000D)
    __rt_entry_postli_1                      0x08000177   Thumb Code     0  __rtentry2.o(.ARM.Collect$$rtentry$$0000000C)
    __rt_exit                                0x0800017f   Thumb Code     0  rtexit.o(.ARM.Collect$$rtexit$$00000000)
    __rt_exit_ls                             0x08000181   Thumb Code     0  rtexit2.o(.ARM.Collect$$rtexit$$00000003)
    __rt_exit_prels_1                        0x08000181   Thumb Code     0  rtexit2.o(.ARM.Collect$$rtexit$$00000002)
    __rt_exit_exit                           0x08000185   Thumb Code     0  rtexit2.o(.ARM.Collect$$rtexit$$00000004)
    Reset_Handler                            0x0800018d   Thumb Code     8  startup_stm32f10x_md.o(.text)
    NMI_Handler                              0x08000195   Thumb Code     2  startup_stm32f10x_md.o(.text)
    HardFault_Handler                        0x08000197   Thumb Code     2  startup_stm32f10x_md.o(.text)
    MemManage_Handler                        0x08000199   Thumb Code     2  startup_stm32f10x_md.o(.text)
    BusFault_Handler                         0x0800019b   Thumb Code     2  startup_stm32f10x_md.o(.text)
    UsageFault_Handler                       0x0800019d   Thumb Code     2  startup_stm32f10x_md.o(.text)
    SVC_Handler                              0x0800019f   Thumb Code     2  startup_stm32f10x_md.o(.text)
    DebugMon_Handler                         0x080001a1   Thumb Code     2  startup_stm32f10x_md.o(.text)
    PendSV_Handler                           0x080001a3   Thumb Code     2  startup_stm32f10x_md.o(.text)
    SysTick_Handler                          0x080001a5   Thumb Code     2  startup_stm32f10x_md.o(.text)
    ADC1_2_IRQHandler                        0x080001a7   Thumb Code     0  startup_stm32f10x_md.o(.text)
    CAN1_RX1_IRQHandler                      0x080001a7   Thumb Code     0  startup_stm32f10x_md.o(.text)
    CAN1_SCE_IRQHandler                      0x080001a7   Thumb Code     0  startup_stm32f10x_md.o(.text)
    DMA1_Channel1_IRQHandler                 0x080001a7   Thumb Code     0  startup_stm32f10x_md.o(.text)
    DMA1_Channel2_IRQHandler                 0x080001a7   Thumb Code     0  startup_stm32f10x_md.o(.text)
    DMA1_Channel3_IRQHandler                 0x080001a7   Thumb Code     0  startup_stm32f10x_md.o(.text)
    DMA1_Channel5_IRQHandler                 0x080001a7   Thumb Code     0  startup_stm32f10x_md.o(.text)
    DMA1_Channel6_IRQHandler                 0x080001a7   Thumb Code     0  startup_stm32f10x_md.o(.text)
    DMA1_Channel7_IRQHandler                 0x080001a7   Thumb Code     0  startup_stm32f10x_md.o(.text)
    EXTI0_IRQHandler                         0x080001a7   Thumb Code     0  startup_stm32f10x_md.o(.text)
    EXTI15_10_IRQHandler                     0x080001a7   Thumb Code     0  startup_stm32f10x_md.o(.text)
    EXTI1_IRQHandler                         0x080001a7   Thumb Code     0  startup_stm32f10x_md.o(.text)
    EXTI2_IRQHandler                         0x080001a7   Thumb Code     0  startup_stm32f10x_md.o(.text)
    EXTI3_IRQHandler                         0x080001a7   Thumb Code     0  startup_stm32f10x_md.o(.text)
    EXTI4_IRQHandler                         0x080001a7   Thumb Code     0  startup_stm32f10x_md.o(.text)
    EXTI9_5_IRQHandler                       0x080001a7   Thumb Code     0  startup_stm32f10x_md.o(.text)
    FLASH_IRQHandler                         0x080001a7   Thumb Code     0  startup_stm32f10x_md.o(.text)
    I2C1_ER_IRQHandler                       0x080001a7   Thumb Code     0  startup_stm32f10x_md.o(.text)
    I2C1_EV_IRQHandler                       0x080001a7   Thumb Code     0  startup_stm32f10x_md.o(.text)
    I2C2_ER_IRQHandler                       0x080001a7   Thumb Code     0  startup_stm32f10x_md.o(.text)
    I2C2_EV_IRQHandler                       0x080001a7   Thumb Code     0  startup_stm32f10x_md.o(.text)
    PVD_IRQHandler                           0x080001a7   Thumb Code     0  startup_stm32f10x_md.o(.text)
    RCC_IRQHandler                           0x080001a7   Thumb Code     0  startup_stm32f10x_md.o(.text)
    RTCAlarm_IRQHandler                      0x080001a7   Thumb Code     0  startup_stm32f10x_md.o(.text)
    RTC_IRQHandler                           0x080001a7   Thumb Code     0  startup_stm32f10x_md.o(.text)
    SPI1_IRQHandler                          0x080001a7   Thumb Code     0  startup_stm32f10x_md.o(.text)
    SPI2_IRQHandler                          0x080001a7   Thumb Code     0  startup_stm32f10x_md.o(.text)
    TAMPER_IRQHandler                        0x080001a7   Thumb Code     0  startup_stm32f10x_md.o(.text)
    TIM1_BRK_IRQHandler                      0x080001a7   Thumb Code     0  startup_stm32f10x_md.o(.text)
    TIM1_CC_IRQHandler                       0x080001a7   Thumb Code     0  startup_stm32f10x_md.o(.text)
    TIM1_TRG_COM_IRQHandler                  0x080001a7   Thumb Code     0  startup_stm32f10x_md.o(.text)
    TIM1_UP_IRQHandler                       0x080001a7   Thumb Code     0  startup_stm32f10x_md.o(.text)
    TIM2_IRQHandler                          0x080001a7   Thumb Code     0  startup_stm32f10x_md.o(.text)
    TIM3_IRQHandler                          0x080001a7   Thumb Code     0  startup_stm32f10x_md.o(.text)
    TIM4_IRQHandler                          0x080001a7   Thumb Code     0  startup_stm32f10x_md.o(.text)
    USART2_IRQHandler                        0x080001a7   Thumb Code     0  startup_stm32f10x_md.o(.text)
    USART3_IRQHandler                        0x080001a7   Thumb Code     0  startup_stm32f10x_md.o(.text)
    USBWakeUp_IRQHandler                     0x080001a7   Thumb Code     0  startup_stm32f10x_md.o(.text)
    USB_HP_CAN1_TX_IRQHandler                0x080001a7   Thumb Code     0  startup_stm32f10x_md.o(.text)
    USB_LP_CAN1_RX0_IRQHandler               0x080001a7   Thumb Code     0  startup_stm32f10x_md.o(.text)
    WWDG_IRQHandler                          0x080001a7   Thumb Code     0  startup_stm32f10x_md.o(.text)
    __user_initial_stackheap                 0x080001a9   Thumb Code     0  startup_stm32f10x_md.o(.text)
    __use_two_region_memory                  0x080001cd   Thumb Code     2  heapauxi.o(.text)
    __rt_heap_escrow                         0x080001cf   Thumb Code     2  heapauxi.o(.text)
    __rt_heap_expand                         0x080001d1   Thumb Code     2  heapauxi.o(.text)
    __cpp_initialize__aeabi_                 0x080001d5   Thumb Code    26  init_aeabi.o(.text)
    _sys_exit                                0x080001f9   Thumb Code     8  sys_exit.o(.text)
    __user_setup_stackheap                   0x08000205   Thumb Code    74  sys_stackheap_outer.o(.text)
    exit                                     0x0800024f   Thumb Code    12  exit.o(.text)
    __user_libspace                          0x0800025d   Thumb Code     8  libspace.o(.text)
    __user_perproc_libspace                  0x0800025d   Thumb Code     0  libspace.o(.text)
    __user_perthread_libspace                0x0800025d   Thumb Code     0  libspace.o(.text)
    __I$use$semihosting                      0x08000265   Thumb Code     0  use_no_semi.o(.text)
    __use_no_semihosting_swi                 0x08000265   Thumb Code     2  use_no_semi.o(.text)
    ADC_Cmd                                  0x08000267   Thumb Code    22  stm32f10x_adc.o(i.ADC_Cmd)
    __semihosting_library_function           0x08000267   Thumb Code     0  indicate_semi.o(.text)
    ADC_DMACmd                               0x0800027d   Thumb Code    22  stm32f10x_adc.o(i.ADC_DMACmd)
    ADC_ExternalTrigConvCmd                  0x08000293   Thumb Code    22  stm32f10x_adc.o(i.ADC_ExternalTrigConvCmd)
    ADC_GetCalibrationStatus                 0x080002a9   Thumb Code    20  stm32f10x_adc.o(i.ADC_GetCalibrationStatus)
    ADC_GetResetCalibrationStatus            0x080002bd   Thumb Code    20  stm32f10x_adc.o(i.ADC_GetResetCalibrationStatus)
    ADC_Init                                 0x080002d1   Thumb Code    70  stm32f10x_adc.o(i.ADC_Init)
    ADC_RegularChannelConfig                 0x08000321   Thumb Code   184  stm32f10x_adc.o(i.ADC_RegularChannelConfig)
    ADC_ResetCalibration                     0x080003d9   Thumb Code    10  stm32f10x_adc.o(i.ADC_ResetCalibration)
    ADC_SoftwareStartConvCmd                 0x080003e3   Thumb Code    22  stm32f10x_adc.o(i.ADC_SoftwareStartConvCmd)
    ADC_StartCalibration                     0x080003f9   Thumb Code    10  stm32f10x_adc.o(i.ADC_StartCalibration)
    DMA1_Channel4_IRQHandler                 0x08000405   Thumb Code    26  main.o(i.DMA1_Channel4_IRQHandler)
    DMA_ClearFlag                            0x08000425   Thumb Code    18  stm32f10x_dma.o(i.DMA_ClearFlag)
    DMA_ClearITPendingBit                    0x08000441   Thumb Code    18  stm32f10x_dma.o(i.DMA_ClearITPendingBit)
    DMA_Cmd                                  0x0800045d   Thumb Code    24  stm32f10x_dma.o(i.DMA_Cmd)
    DMA_DeInit                               0x08000475   Thumb Code   324  stm32f10x_dma.o(i.DMA_DeInit)
    DMA_ITConfig                             0x080005c1   Thumb Code    18  stm32f10x_dma.o(i.DMA_ITConfig)
    DMA_Init                                 0x080005d3   Thumb Code    60  stm32f10x_dma.o(i.DMA_Init)
    GPIO_Init                                0x0800060f   Thumb Code   278  stm32f10x_gpio.o(i.GPIO_Init)
    NVIC_Init                                0x08000725   Thumb Code   100  misc.o(i.NVIC_Init)
    RCC_ADCCLKConfig                         0x08000795   Thumb Code    18  stm32f10x_rcc.o(i.RCC_ADCCLKConfig)
    RCC_AHBPeriphClockCmd                    0x080007ad   Thumb Code    26  stm32f10x_rcc.o(i.RCC_AHBPeriphClockCmd)
    RCC_APB1PeriphClockCmd                   0x080007cd   Thumb Code    26  stm32f10x_rcc.o(i.RCC_APB1PeriphClockCmd)
    RCC_APB2PeriphClockCmd                   0x080007ed   Thumb Code    26  stm32f10x_rcc.o(i.RCC_APB2PeriphClockCmd)
    RCC_GetClocksFreq                        0x0800080d   Thumb Code   192  stm32f10x_rcc.o(i.RCC_GetClocksFreq)
    SystemInit                               0x080009d1   Thumb Code    78  system_stm32f10x.o(i.SystemInit)
    TIM_Cmd                                  0x08000a31   Thumb Code    24  stm32f10x_tim.o(i.TIM_Cmd)
    TIM_OC4Init                              0x08000a49   Thumb Code   114  stm32f10x_tim.o(i.TIM_OC4Init)
    TIM_SelectOutputTrigger                  0x08000ac5   Thumb Code    18  stm32f10x_tim.o(i.TIM_SelectOutputTrigger)
    TIM_TimeBaseInit                         0x08000ad9   Thumb Code   122  stm32f10x_tim.o(i.TIM_TimeBaseInit)
    TIM_TimeBaseStructInit                   0x08000b7d   Thumb Code    18  stm32f10x_tim.o(i.TIM_TimeBaseStructInit)
    USART1_IRQHandler                        0x08000b91   Thumb Code    32  main.o(i.USART1_IRQHandler)
    USART_Cmd                                0x08000bb9   Thumb Code    24  stm32f10x_usart.o(i.USART_Cmd)
    USART_DMACmd                             0x08000bd1   Thumb Code    18  stm32f10x_usart.o(i.USART_DMACmd)
    USART_GetITStatus                        0x08000be3   Thumb Code    84  stm32f10x_usart.o(i.USART_GetITStatus)
    USART_ITConfig                           0x08000c37   Thumb Code    74  stm32f10x_usart.o(i.USART_ITConfig)
    USART_Init                               0x08000c81   Thumb Code   210  stm32f10x_usart.o(i.USART_Init)
    USART_StructInit                         0x08000d59   Thumb Code    24  stm32f10x_usart.o(i.USART_StructInit)
    GPIO_Configuration()                     0x08000d71   Thumb Code    30  main.o(i._Z18GPIO_Configurationv)
    src::CADC_type1::Init()                  0x08000d95   Thumb Code   378  adc.o(i._ZN3src10CADC_type14InitEv)
    src::CADC_type1::CADC_type1()            0x08000f21   Thumb Code    20  adc.o(i._ZN3src10CADC_type1C1Ev)
    src::CADC_type1::CADC_type1__sub_object() 0x08000f21   Thumb Code     0  adc.o(i._ZN3src10CADC_type1C1Ev)
    src::CADC_type2::Init()                  0x08000f39   Thumb Code     2  adc.o(i._ZN3src10CADC_type24InitEv)
    src::CADC_type2::CADC_type2()            0x08000f3d   Thumb Code    20  adc.o(i._ZN3src10CADC_type2C1Ev)
    src::CADC_type2::CADC_type2__sub_object() 0x08000f3d   Thumb Code     0  adc.o(i._ZN3src10CADC_type2C1Ev)
    src::CSingleADC::CSingleADC__sub_object() 0x08000f55   Thumb Code     6  adc.o(i._ZN3src10CSingleADCC2Ev)
    src::MeanFilter::PutTsTf(float, float)   0x08000f61   Thumb Code    88  mean_filter.o(i._ZN3src10MeanFilter7PutTsTfEff)
    src::MeanFilter::MeanFilter()            0x08000fb9   Thumb Code    66  av_sensors.o(i._ZN3src10MeanFilterC1Ev)
    src::MeanFilter::MeanFilter__sub_object() 0x08000fb9   Thumb Code     0  av_sensors.o(i._ZN3src10MeanFilterC1Ev)
    src::Av_Rms_Sensors::Av_Rms_Sensors(float, float) 0x08000ffb   Thumb Code    72  av_sensors.o(i._ZN3src14Av_Rms_SensorsC1Eff)
    src::Av_Rms_Sensors::Av_Rms_Sensors__sub_object(float, float) 0x08000ffb   Thumb Code     0  av_sensors.o(i._ZN3src14Av_Rms_SensorsC1Eff)
    src::Iq::Iq(float, unsigned char)        0x08001043   Thumb Code    48  fxp_math.o(i._ZN3src2IqC1Efh)
    src::Iq::Iq__sub_object(float, unsigned char) 0x08001043   Thumb Code     0  fxp_math.o(i._ZN3src2IqC1Efh)
    src::Iq::Iq(long)                        0x08001073   Thumb Code     4  fxp_math.o(i._ZN3src2IqC1El)
    src::Iq::Iq__sub_object(long)            0x08001073   Thumb Code     0  fxp_math.o(i._ZN3src2IqC1El)
    src::Iq::Iq()                            0x08001077   Thumb Code    10  fxp_math.o(i._ZN3src2IqC1Ev)
    src::Iq::Iq__sub_object()                0x08001077   Thumb Code     0  fxp_math.o(i._ZN3src2IqC1Ev)
    src::CUART1::Init()                      0x08001081   Thumb Code   348  uart.o(i._ZN3src6CUART14InitEv)
    src::CUART1::RxISR()                     0x080011e9   Thumb Code    10  uart.o(i._ZN3src6CUART15RxISREv)
    src::CUART1::TxISR()                     0x080011f5   Thumb Code    38  uart.o(i._ZN3src6CUART15TxISREv)
    src::AvSensors::AvSensors(float, float)  0x08001221   Thumb Code    32  av_sensors.o(i._ZN3src9AvSensorsC1Eff)
    src::AvSensors::AvSensors__sub_object(float, float) 0x08001221   Thumb Code     0  av_sensors.o(i._ZN3src9AvSensorsC1Eff)
    src::RmsFilter::RmsFilter()              0x08001241   Thumb Code    14  av_sensors.o(i._ZN3src9RmsFilterC1Ev)
    src::RmsFilter::RmsFilter__sub_object()  0x08001241   Thumb Code     0  av_sensors.o(i._ZN3src9RmsFilterC1Ev)
    main                                     0x080012a9   Thumb Code    58  main.o(i.main)
    __aeabi_fdiv                             0x080012f9   Thumb Code     0  fdiv.o(x$fpl$fdiv)
    _fdiv                                    0x080012f9   Thumb Code   384  fdiv.o(x$fpl$fdiv)
    __aeabi_f2iz                             0x0800147d   Thumb Code     0  ffix.o(x$fpl$ffix)
    _ffix                                    0x0800147d   Thumb Code    54  ffix.o(x$fpl$ffix)
    __aeabi_i2f                              0x080014b5   Thumb Code     0  fflt_clz.o(x$fpl$fflt)
    _fflt                                    0x080014b5   Thumb Code    48  fflt_clz.o(x$fpl$fflt)
    __aeabi_fmul                             0x080014e5   Thumb Code     0  fmul.o(x$fpl$fmul)
    _fmul                                    0x080014e5   Thumb Code   258  fmul.o(x$fpl$fmul)
    __fpl_fnaninf                            0x080015e7   Thumb Code   140  fnaninf.o(x$fpl$fnaninf)
    __fpl_fretinf                            0x08001673   Thumb Code    10  fretinf.o(x$fpl$fretinf)
    vtable for src::CADC_type1               0x0800167c   Data          16  adc.o(.constdata__ZTVN3src10CADC_type1E)
    __I$use$fp                               0x0800167c   Number         0  usenofp.o(x$fpl$usenofp)
    vtable for src::CADC_type2               0x0800168c   Data          16  adc.o(.constdata__ZTVN3src10CADC_type2E)
    vtable for src::CSingleADC               0x0800169c   Data          16  adc.o(.constdata__ZTVN3src10CSingleADCE)
    vtable for src::CUART_Base               0x080016ac   Data          20  main.o(.constdata__ZTVN3src10CUART_BaseE)
    vtable for src::CUART1                   0x080016c0   Data          20  uart.o(.constdata__ZTVN3src6CUART1E)
    Region$$Table$$Base                      0x080016d4   Number         0  anon$$obj.o(Region$$Table)
    Region$$Table$$Limit                     0x080016f4   Number         0  anon$$obj.o(Region$$Table)
    SHT$$INIT_ARRAY$$Base                    0x080016f4   Number         0  main.o(.init_array)
    SHT$$INIT_ARRAY$$Limit                   0x080016f8   Number         0  init_aeabi.o(.init_array)
    a                                        0x20000000   Data           8  main.o(.data)
    tmp32_1                                  0x20000008   Data           4  main.o(.data)
    tmp32_2                                  0x2000000c   Data           4  main.o(.data)
    tmp32_3                                  0x20000010   Data           4  main.o(.data)
    tmp32_4                                  0x20000014   Data           4  main.o(.data)
    tmp32_5                                  0x20000018   Data           4  main.o(.data)
    UART_TxBuffer                            0x20000030   Data         256  main.o(.bss)
    ADC_1                                    0x20000130   Data          12  main.o(.bss)
    ADC_2                                    0x2000013c   Data          12  main.o(.bss)
    UART_1                                   0x20000148   Data          72  main.o(.bss)
    I                                        0x20000190   Data         148  main.o(.bss)
    __libspace_start                         0x20000224   Data          96  libspace.o(.bss)
    __temporary_stack_top$libspace           0x20000284   Data           0  libspace.o(.bss)



==============================================================================

Memory Map of the image

  Image Entry point : 0x080000ed

  Load Region LR_IROM1 (Base: 0x08000000, Size: 0x00001728, Max: 0x00010000, ABSOLUTE)

    Execution Region ER_IROM1 (Base: 0x08000000, Size: 0x000016f8, Max: 0x00010000, ABSOLUTE)

    Base Addr    Size         Type   Attr      Idx    E Section Name        Object

    0x08000000   0x000000ec   Data   RO         2111    RESET               startup_stm32f10x_md.o
    0x080000ec   0x00000008   Code   RO         2166  * !!!main             c_w.l(__main.o)
    0x080000f4   0x00000034   Code   RO         2610    !!!scatter          c_w.l(__scatter.o)
    0x08000128   0x0000001a   Code   RO         2612    !!handler_copy      c_w.l(__scatter_copy.o)
    0x08000142   0x00000002   PAD
    0x08000144   0x0000001c   Code   RO         2614    !!handler_zi        c_w.l(__scatter_zi.o)
    0x08000160   0x00000002   Code   RO         2487    .ARM.Collect$$libinit$$00000000  c_w.l(libinit.o)
    0x08000162   0x00000000   Code   RO         2305    .ARM.Collect$$libinit$$00000002  c_w.l(libinit2.o)
    0x08000162   0x00000000   Code   RO         2307    .ARM.Collect$$libinit$$00000004  c_w.l(libinit2.o)
    0x08000162   0x00000000   Code   RO         2310    .ARM.Collect$$libinit$$0000000A  c_w.l(libinit2.o)
    0x08000162   0x00000000   Code   RO         2312    .ARM.Collect$$libinit$$0000000C  c_w.l(libinit2.o)
    0x08000162   0x00000000   Code   RO         2314    .ARM.Collect$$libinit$$0000000E  c_w.l(libinit2.o)
    0x08000162   0x00000000   Code   RO         2317    .ARM.Collect$$libinit$$00000011  c_w.l(libinit2.o)
    0x08000162   0x00000000   Code   RO         2319    .ARM.Collect$$libinit$$00000013  c_w.l(libinit2.o)
    0x08000162   0x00000000   Code   RO         2321    .ARM.Collect$$libinit$$00000015  c_w.l(libinit2.o)
    0x08000162   0x00000000   Code   RO         2323    .ARM.Collect$$libinit$$00000017  c_w.l(libinit2.o)
    0x08000162   0x00000000   Code   RO         2325    .ARM.Collect$$libinit$$00000019  c_w.l(libinit2.o)
    0x08000162   0x00000000   Code   RO         2327    .ARM.Collect$$libinit$$0000001B  c_w.l(libinit2.o)
    0x08000162   0x00000000   Code   RO         2329    .ARM.Collect$$libinit$$0000001D  c_w.l(libinit2.o)
    0x08000162   0x00000000   Code   RO         2331    .ARM.Collect$$libinit$$0000001F  c_w.l(libinit2.o)
    0x08000162   0x00000000   Code   RO         2333    .ARM.Collect$$libinit$$00000021  c_w.l(libinit2.o)
    0x08000162   0x00000000   Code   RO         2335    .ARM.Collect$$libinit$$00000023  c_w.l(libinit2.o)
    0x08000162   0x00000000   Code   RO         2337    .ARM.Collect$$libinit$$00000025  c_w.l(libinit2.o)
    0x08000162   0x00000000   Code   RO         2341    .ARM.Collect$$libinit$$0000002C  c_w.l(libinit2.o)
    0x08000162   0x00000000   Code   RO         2343    .ARM.Collect$$libinit$$0000002E  c_w.l(libinit2.o)
    0x08000162   0x00000000   Code   RO         2345    .ARM.Collect$$libinit$$00000030  c_w.l(libinit2.o)
    0x08000162   0x00000004   Code   RO         2346    .ARM.Collect$$libinit$$00000031  c_w.l(libinit2.o)
    0x08000166   0x00000000   Code   RO         2347    .ARM.Collect$$libinit$$00000032  c_w.l(libinit2.o)
    0x08000166   0x00000002   Code   RO         2348    .ARM.Collect$$libinit$$00000033  c_w.l(libinit2.o)
    0x08000168   0x00000002   Code   RO         2588    .ARM.Collect$$libshutdown$$00000000  c_w.l(libshutdown.o)
    0x0800016a   0x00000000   Code   RO         2595    .ARM.Collect$$libshutdown$$00000003  c_w.l(libshutdown2.o)
    0x0800016a   0x00000000   Code   RO         2598    .ARM.Collect$$libshutdown$$00000006  c_w.l(libshutdown2.o)
    0x0800016a   0x00000000   Code   RO         2601    .ARM.Collect$$libshutdown$$00000009  c_w.l(libshutdown2.o)
    0x0800016a   0x00000000   Code   RO         2603    .ARM.Collect$$libshutdown$$0000000B  c_w.l(libshutdown2.o)
    0x0800016a   0x00000000   Code   RO         2606    .ARM.Collect$$libshutdown$$0000000E  c_w.l(libshutdown2.o)
    0x0800016a   0x00000002   Code   RO         2607    .ARM.Collect$$libshutdown$$0000000F  c_w.l(libshutdown2.o)
    0x0800016c   0x00000000   Code   RO         2299    .ARM.Collect$$rtentry$$00000000  c_w.l(__rtentry.o)
    0x0800016c   0x00000000   Code   RO         2368    .ARM.Collect$$rtentry$$00000002  c_w.l(__rtentry2.o)
    0x0800016c   0x00000006   Code   RO         2380    .ARM.Collect$$rtentry$$00000004  c_w.l(__rtentry4.o)
    0x08000172   0x00000000   Code   RO         2370    .ARM.Collect$$rtentry$$00000009  c_w.l(__rtentry2.o)
    0x08000172   0x00000004   Code   RO         2371    .ARM.Collect$$rtentry$$0000000A  c_w.l(__rtentry2.o)
    0x08000176   0x00000000   Code   RO         2373    .ARM.Collect$$rtentry$$0000000C  c_w.l(__rtentry2.o)
    0x08000176   0x00000008   Code   RO         2374    .ARM.Collect$$rtentry$$0000000D  c_w.l(__rtentry2.o)
    0x0800017e   0x00000002   Code   RO         2503    .ARM.Collect$$rtexit$$00000000  c_w.l(rtexit.o)
    0x08000180   0x00000000   Code   RO         2553    .ARM.Collect$$rtexit$$00000002  c_w.l(rtexit2.o)
    0x08000180   0x00000004   Code   RO         2554    .ARM.Collect$$rtexit$$00000003  c_w.l(rtexit2.o)
    0x08000184   0x00000006   Code   RO         2555    .ARM.Collect$$rtexit$$00000004  c_w.l(rtexit2.o)
    0x0800018a   0x00000002   PAD
    0x0800018c   0x00000040   Code   RO         2112    .text               startup_stm32f10x_md.o
    0x080001cc   0x00000006   Code   RO         2164    .text               c_w.l(heapauxi.o)
    0x080001d2   0x00000002   PAD
    0x080001d4   0x00000024   Code   RO         2171    .text               c_w.l(init_aeabi.o)
    0x080001f8   0x0000000c   Code   RO         2405    .text               c_w.l(sys_exit.o)
    0x08000204   0x0000004a   Code   RO         2407    .text               c_w.l(sys_stackheap_outer.o)
    0x0800024e   0x0000000c   Code   RO         2470    .text               c_w.l(exit.o)
    0x0800025a   0x00000002   PAD
    0x0800025c   0x00000008   Code   RO         2495    .text               c_w.l(libspace.o)
    0x08000264   0x00000002   Code   RO         2498    .text               c_w.l(use_no_semi.o)
    0x08000266   0x00000000   Code   RO         2502    .text               c_w.l(indicate_semi.o)
    0x08000266   0x00000016   Code   RO          524    i.ADC_Cmd           stm32f10x_adc.o
    0x0800027c   0x00000016   Code   RO          525    i.ADC_DMACmd        stm32f10x_adc.o
    0x08000292   0x00000016   Code   RO          529    i.ADC_ExternalTrigConvCmd  stm32f10x_adc.o
    0x080002a8   0x00000014   Code   RO          532    i.ADC_GetCalibrationStatus  stm32f10x_adc.o
    0x080002bc   0x00000014   Code   RO          538    i.ADC_GetResetCalibrationStatus  stm32f10x_adc.o
    0x080002d0   0x00000050   Code   RO          542    i.ADC_Init          stm32f10x_adc.o
    0x08000320   0x000000b8   Code   RO          546    i.ADC_RegularChannelConfig  stm32f10x_adc.o
    0x080003d8   0x0000000a   Code   RO          547    i.ADC_ResetCalibration  stm32f10x_adc.o
    0x080003e2   0x00000016   Code   RO          549    i.ADC_SoftwareStartConvCmd  stm32f10x_adc.o
    0x080003f8   0x0000000a   Code   RO          551    i.ADC_StartCalibration  stm32f10x_adc.o
    0x08000402   0x00000002   PAD
    0x08000404   0x00000020   Code   RO            4    i.DMA1_Channel4_IRQHandler  main.o
    0x08000424   0x0000001c   Code   RO          752    i.DMA_ClearFlag     stm32f10x_dma.o
    0x08000440   0x0000001c   Code   RO          753    i.DMA_ClearITPendingBit  stm32f10x_dma.o
    0x0800045c   0x00000018   Code   RO          754    i.DMA_Cmd           stm32f10x_dma.o
    0x08000474   0x0000014c   Code   RO          755    i.DMA_DeInit        stm32f10x_dma.o
    0x080005c0   0x00000012   Code   RO          759    i.DMA_ITConfig      stm32f10x_dma.o
    0x080005d2   0x0000003c   Code   RO          760    i.DMA_Init          stm32f10x_dma.o
    0x0800060e   0x00000116   Code   RO         1028    i.GPIO_Init         stm32f10x_gpio.o
    0x08000724   0x00000070   Code   RO          419    i.NVIC_Init         misc.o
    0x08000794   0x00000018   Code   RO         1148    i.RCC_ADCCLKConfig  stm32f10x_rcc.o
    0x080007ac   0x00000020   Code   RO         1149    i.RCC_AHBPeriphClockCmd  stm32f10x_rcc.o
    0x080007cc   0x00000020   Code   RO         1150    i.RCC_APB1PeriphClockCmd  stm32f10x_rcc.o
    0x080007ec   0x00000020   Code   RO         1152    i.RCC_APB2PeriphClockCmd  stm32f10x_rcc.o
    0x0800080c   0x000000dc   Code   RO         1160    i.RCC_GetClocksFreq  stm32f10x_rcc.o
    0x080008e8   0x00000008   Code   RO         2119    i.SetSysClock       system_stm32f10x.o
    0x080008f0   0x000000e0   Code   RO         2120    i.SetSysClockTo72   system_stm32f10x.o
    0x080009d0   0x00000060   Code   RO         2122    i.SystemInit        system_stm32f10x.o
    0x08000a30   0x00000018   Code   RO         1376    i.TIM_Cmd           stm32f10x_tim.o
    0x08000a48   0x0000007c   Code   RO         1420    i.TIM_OC4Init       stm32f10x_tim.o
    0x08000ac4   0x00000012   Code   RO         1433    i.TIM_SelectOutputTrigger  stm32f10x_tim.o
    0x08000ad6   0x00000002   PAD
    0x08000ad8   0x000000a4   Code   RO         1447    i.TIM_TimeBaseInit  stm32f10x_tim.o
    0x08000b7c   0x00000012   Code   RO         1448    i.TIM_TimeBaseStructInit  stm32f10x_tim.o
    0x08000b8e   0x00000002   PAD
    0x08000b90   0x00000028   Code   RO            5    i.USART1_IRQHandler  main.o
    0x08000bb8   0x00000018   Code   RO         1924    i.USART_Cmd         stm32f10x_usart.o
    0x08000bd0   0x00000012   Code   RO         1925    i.USART_DMACmd      stm32f10x_usart.o
    0x08000be2   0x00000054   Code   RO         1928    i.USART_GetITStatus  stm32f10x_usart.o
    0x08000c36   0x0000004a   Code   RO         1930    i.USART_ITConfig    stm32f10x_usart.o
    0x08000c80   0x000000d8   Code   RO         1931    i.USART_Init        stm32f10x_usart.o
    0x08000d58   0x00000018   Code   RO         1947    i.USART_StructInit  stm32f10x_usart.o
    0x08000d70   0x00000024   Code   RO            7    i._Z18GPIO_Configurationv  main.o
    0x08000d94   0x0000018c   Code   RO          152    i._ZN3src10CADC_type14InitEv  adc.o
    0x08000f20   0x00000018   Code   RO          153    i._ZN3src10CADC_type1C1Ev  adc.o
    0x08000f38   0x00000002   Code   RO          155    i._ZN3src10CADC_type24InitEv  adc.o
    0x08000f3a   0x00000002   PAD
    0x08000f3c   0x00000018   Code   RO          156    i._ZN3src10CADC_type2C1Ev  adc.o
    0x08000f54   0x0000000c   Code   RO          203    i._ZN3src10CSingleADCC2Ev  adc.o
    0x08000f60   0x00000058   Code   RO          404    i._ZN3src10MeanFilter7PutTsTfEff  mean_filter.o
    0x08000fb8   0x00000042   Code   RO          368    i._ZN3src10MeanFilterC1Ev  av_sensors.o
    0x08000ffa   0x00000048   Code   RO          332    i._ZN3src14Av_Rms_SensorsC1Eff  av_sensors.o
    0x08001042   0x00000030   Code   RO          276    i._ZN3src2IqC1Efh   fxp_math.o
    0x08001072   0x00000004   Code   RO          277    i._ZN3src2IqC1El    fxp_math.o
    0x08001076   0x0000000a   Code   RO          279    i._ZN3src2IqC1Ev    fxp_math.o
    0x08001080   0x00000168   Code   RO          225    i._ZN3src6CUART14InitEv  uart.o
    0x080011e8   0x0000000a   Code   RO          226    i._ZN3src6CUART15RxISREv  uart.o
    0x080011f2   0x00000002   PAD
    0x080011f4   0x0000002c   Code   RO          227    i._ZN3src6CUART15TxISREv  uart.o
    0x08001220   0x00000020   Code   RO          334    i._ZN3src9AvSensorsC1Eff  av_sensors.o
    0x08001240   0x0000000e   Code   RO          371    i._ZN3src9RmsFilterC1Ev  av_sensors.o
    0x0800124e   0x00000002   PAD
    0x08001250   0x00000058   Code   RO            8    i.__sti___8_Main_cpp_ADC_1  main.o
    0x080012a8   0x00000050   Code   RO            9    i.main              main.o
    0x080012f8   0x00000184   Code   RO         2284    x$fpl$fdiv          fz_ws.l(fdiv.o)
    0x0800147c   0x00000036   Code   RO         2287    x$fpl$ffix          fz_ws.l(ffix.o)
    0x080014b2   0x00000002   PAD
    0x080014b4   0x00000030   Code   RO         2292    x$fpl$fflt          fz_ws.l(fflt_clz.o)
    0x080014e4   0x00000102   Code   RO         2297    x$fpl$fmul          fz_ws.l(fmul.o)
    0x080015e6   0x0000008c   Code   RO         2362    x$fpl$fnaninf       fz_ws.l(fnaninf.o)
    0x08001672   0x0000000a   Code   RO         2364    x$fpl$fretinf       fz_ws.l(fretinf.o)
    0x0800167c   0x00000000   Code   RO         2366    x$fpl$usenofp       fz_ws.l(usenofp.o)
    0x0800167c   0x00000010   Data   RO          202    .constdata__ZTVN3src10CADC_type1E  adc.o
    0x0800168c   0x00000010   Data   RO          200    .constdata__ZTVN3src10CADC_type2E  adc.o
    0x0800169c   0x00000010   Data   RO          207    .constdata__ZTVN3src10CSingleADCE  adc.o
    0x080016ac   0x00000014   Data   RO           61    .constdata__ZTVN3src10CUART_BaseE  main.o
    0x080016c0   0x00000014   Data   RO          266    .constdata__ZTVN3src6CUART1E  uart.o
    0x080016d4   0x00000020   Data   RO         2608    Region$$Table       anon$$obj.o
    0x080016f4   0x00000004   Data   RO           18    .init_array         main.o
    0x080016f8   0x00000000   Data   RO         2169    .init_array         c_w.l(init_aeabi.o)


    Execution Region RW_IRAM1 (Base: 0x20000000, Size: 0x00000888, Max: 0x00005000, ABSOLUTE)

    Base Addr    Size         Type   Attr      Idx    E Section Name        Object

    0x20000000   0x0000001c   Data   RW           17    .data               main.o
    0x2000001c   0x00000014   Data   RW         1180    .data               stm32f10x_rcc.o
    0x20000030   0x000001f4   Zero   RW           16    .bss                main.o
    0x20000224   0x00000060   Zero   RW         2496    .bss                c_w.l(libspace.o)
    0x20000284   0x00000004   PAD
    0x20000288   0x00000200   Zero   RW         2110    HEAP                startup_stm32f10x_md.o
    0x20000488   0x00000400   Zero   RW         2109    STACK               startup_stm32f10x_md.o


==============================================================================

Image component sizes


      Code (inc. data)   RO Data    RW Data    ZI Data      Debug   Object Name

       458         32         48          0          0       3980   adc.o
       184          0          0          0          0       6772   av_sensors.o
        62          0          0          0          0       6304   fxp_math.o
       276         84         24         28        500     273082   main.o
        88          0          0          0          0        508   mean_filter.o
       112         12          0          0          0     272256   misc.o
         0          0          0          0          0       4264   rms_filter.o
        64         26        236          0       1536        796   startup_stm32f10x_md.o
       412         10          0          0          0       8339   stm32f10x_adc.o
       490         28          0          0          0       5329   stm32f10x_dma.o
       278          0          0          0          0       2068   stm32f10x_gpio.o
       340         52          0         20          0       5781   stm32f10x_rcc.o
       348         52          0          0          0       3794   stm32f10x_tim.o
       440          6          0          0          0       5820   stm32f10x_usart.o
       328         28          0          0          0       1893   system_stm32f10x.o
       414         18         20          0          0       3368   uart.o

    ----------------------------------------------------------------------
      4306        348        360         48       2036     604354   Object Totals
         0          0         32          0          0          0   (incl. Generated)
        12          0          0          0          0          0   (incl. Padding)

    ----------------------------------------------------------------------

      Code (inc. data)   RO Data    RW Data    ZI Data      Debug   Library Member Name

         8          0          0          0          0         68   __main.o
         0          0          0          0          0          0   __rtentry.o
        12          0          0          0          0          0   __rtentry2.o
         6          0          0          0          0          0   __rtentry4.o
        52          8          0          0          0          0   __scatter.o
        26          0          0          0          0          0   __scatter_copy.o
        28          0          0          0          0          0   __scatter_zi.o
        12          0          0          0          0         72   exit.o
         6          0          0          0          0        152   heapauxi.o
         0          0          0          0          0          0   indicate_semi.o
        36         10          0          0          0         80   init_aeabi.o
         2          0          0          0          0          0   libinit.o
         6          0          0          0          0          0   libinit2.o
         2          0          0          0          0          0   libshutdown.o
         2          0          0          0          0          0   libshutdown2.o
         8          4          0          0         96         68   libspace.o
         2          0          0          0          0          0   rtexit.o
        10          0          0          0          0          0   rtexit2.o
        12          4          0          0          0         68   sys_exit.o
        74          0          0          0          0         80   sys_stackheap_outer.o
         2          0          0          0          0         68   use_no_semi.o
       388         76          0          0          0         96   fdiv.o
        54          4          0          0          0         84   ffix.o
        48          0          0          0          0         68   fflt_clz.o
       258          4          0          0          0         84   fmul.o
       140          4          0          0          0         84   fnaninf.o
        10          0          0          0          0         68   fretinf.o
         0          0          0          0          0          0   usenofp.o

    ----------------------------------------------------------------------
      1214        114          0          0        100       1140   Library Totals
        10          0          0          0          4          0   (incl. Padding)

    ----------------------------------------------------------------------

      Code (inc. data)   RO Data    RW Data    ZI Data      Debug   Library Name

       306         26          0          0         96        656   c_w.l
       898         88          0          0          0        484   fz_ws.l

    ----------------------------------------------------------------------
      1214        114          0          0        100       1140   Library Totals

    ----------------------------------------------------------------------

==============================================================================


      Code (inc. data)   RO Data    RW Data    ZI Data      Debug   

      5520        462        360         48       2136     602162   Grand Totals
      5520        462        360         48       2136     602162   ELF Image Totals
      5520        462        360         48          0          0   ROM Totals

==============================================================================

    Total RO  Size (Code + RO Data)                 5880 (   5.74kB)
    Total RW  Size (RW Data + ZI Data)              2184 (   2.13kB)
    Total ROM Size (Code + RO Data + RW Data)       5928 (   5.79kB)

==============================================================================

